
> nexora-monorepo@1.0.0 test:api
> node --test ../dummy-api/*.test.mjs && npm run test:clinical-api

✔ authenticated configuration HTTP contract and conditional requests (2039.063874ms)
✔ navigation filters restricted pages, returns stable identity and handles authorization (693.459658ms)
✔ backend file edits change menu ordering and page translations, and overrides are isolated (517.79837ms)
✔ rejects duplicates, invalid parents, cycles, unknown pages and malformed catalogs (349.951801ms)
✔ ordered stages, config snapshot, comments, requester notifications and persistence (14.619879ms)
✔ self approval, tenant/product isolation, stale versions and changed saved records are blocked (13.758494ms)
✔ bulk partial results, request changes, rejection, resubmission and idempotent recovery (5.169338ms)
✔ queue is persisted with exact idempotency and changed payload conflicts (12.156225ms)
✔ scope isolates tenant, product, user and workstation jobs (5.945252ms)
✔ lookup preserves contexts and returns only exact backend records (0.681363ms)
✔ tenant policies require admin, version checks and enforce user locks (5.62061ms)
✔ browser dispatch means requested, demo means simulated, native stays queued (31.092496ms)
✔ dispatch applies policy changed after enqueue and cancelled jobs stay cancelled (13.04692ms)
✔ automatic event simulation is admin-only, opt-in and deduplicated by event ID (5.64356ms)
✔ routing validates device capability and rejects stale policy versions (1.976341ms)
✔ documentation HTTP authorizes every view and persists scoped read state (1954.829503ms)
✔ versioned guides, role-filtered search, explicit language fallback and invalid requests (20.800271ms)
✔ reading state is idempotent, persistent and isolated; only explicit acknowledgment acknowledges (22.811021ms)
✔ manifest rejects broken notices, duplicate versions and invalid tour anchors (1.021705ms)
✔ tenant rollout refuses future snapshots and product manifests stay separate (18.62914ms)
✔ center exposes metadata only and isolates tenant, owner and application (16.058056ms)
✔ unavailable entries conceal page/record identity and cannot be opened but remain discardable (2.609033ms)
✔ changed source versions, approval contexts and missing files have distinct statuses (3.078817ms)
✔ stale discard cannot erase a newer revision, expiry removes drafts and pagination is bounded (43.544153ms)
✔ a stolen opaque reference cannot open or delete another owner draft (3.394927ms)
✔ search matches localized page titles without searching unavailable identities (1.084776ms)
✔ mandatory exclusions are recursive and replay responses contain no secrets (16.333587ms)
✔ policy is tenant/application scoped and ordinary users cannot override it (15.332871ms)
✔ tightened exclusions erase existing drafts and replay copies; old windows cannot resurrect them (14.768369ms)
✔ retention purges on read and keeps tombstones; acknowledged business records survive (20.968341ms)
✔ disabled storage deletes all users drafts and never blocks ordinary record saves (19.019141ms)
✔ shared import and approval drafts survive restart and isolate owner, tenant, product and record (14.90349ms)
✔ shared draft HTTP authorization, payload restrictions and mandatory tenant policy (1873.223234ms)
✔ document read persists synthetic fields but never authenticates or changes patient (25.218145ms)
✔ request scope isolates tenant, application, patient binding, owner and station (7.951673ms)
✔ retries are idempotent, changed requests conflict and a fresh completion cannot replay (11.015889ms)
✔ expired challenges are rejected including result replay (7.543461ms)
✔ biometrics default off, admin policy and current lock apply to pending capture (10.401586ms)
✔ no capture without consent; native transport unavailable and raw biometric data rejected (2.531433ms)
✔ manual review works when biometrics are disabled and never sets authenticated (5.7495ms)
✔ cancel stops capture, only one active request allowed, expired document is distinct (17.898386ms)
✔ preview never writes, marks all CSV duplicates and detects existing records and invalid formats (7.58128ms)
✔ partial failures retry only failed rows and survive lost job receipts (5.46158ms)
✔ batch progress, race duplicates, role checks and user isolation (3.434879ms)
✔ backend generates real SVG symbols and persists exact retry identity (26.944484ms)
✔ rejects over-copies, incompatible stock, missing IDs and cross-category records (0.656513ms)
✔ tenant, application and user isolation with server-only admin authority (10.148635ms)
✔ print attempts are not completion; reprint reason and policy are enforced (25.034164ms)
✔ payment QR never marks paid on creation or print and expires server-side (148.393702ms)
✔ all advertised symbologies render; administrator simulation is explicit (225.406224ms)
✔ stock fit failure identifies the printer field (1.515578ms)
✔ every registered backend message has four complete translations (57.311876ms)
✔ the wire envelope preserves old clients, statuses and literal user data (1.082826ms)
✔ unknown errors and old persisted activity retain readable details (0.237021ms)
✔ monitoring HTTP permits collection but restricts management and rejects tenant spoofing (2023.733298ms)
✔ monitoring strips sensitive payloads, deduplicates deliveries, reopens incidents and isolates tenants/products (43.851655ms)
✔ monitoring validates page references and rate limits each authenticated user (47.198232ms)
✔ preference HTTP rejects non-admin policy writes, locked imports and stale clients (1650.034901ms)
✔ API module preference changes startup navigation only for its account and application (1551.05826ms)
✔ locks persist, reject overrides, and unlocking restores personal choices (39.037089ms)
✔ policy and overrides isolate tenant, product and user; permission is explicit (32.465974ms)
✔ stale policies, concurrent saves and invalid fields cannot replace current state (30.416893ms)
✔ admin defaults apply to new users; unlocked personal choices and reset take precedence (30.327772ms)
✔ default module persists per account and respects access revocation and tenant locks (28.242412ms)
✔ attachments round trip and list responses omit bytes; removal and retries are atomic (6.504914ms)
✔ comments, related records and activity are scoped; invalid or denied writes leave no event (125.33055ms)
✔ saved records and recovery drafts survive reopening the store (7.716322ms)
✔ record versions are shared in a tenant; drafts belong to the account (5.32074ms)
✔ stale saves and drafts cannot overwrite another window (0.743605ms)
✔ retrying an acknowledged operation is idempotent (6.251503ms)
✔ discard keeps a revision tombstone so late draft writes cannot resurrect it (1.618419ms)
✔ invalid payloads do not mutate the record (0.471393ms)
✔ a failed disk write does not publish a saved record (0.892946ms)
✔ create allocates an independent record and clears only the source draft (1.760349ms)
✔ authenticated HTTP record lifecycle, isolation and conflicts (1618.605071ms)
✔ calendar month recurrence preserves the anchor day across February (1.121285ms)
✔ schedules persist, retry failed work, isolate owners and do not duplicate a due delivery (36.268694ms)
✔ HTTP enforcement: origins, tenant audit authorization, schedules and AI refusals (6533.021258ms)
✔ audit survives restart, isolates tenants, strips data and expires by retention (37.918993ms)
✔ providers must match exact HTTPS bases; expired credentials fail closed (0.370633ms)
✔ one user cannot exhaust another user allowance; tenant remains part of the key (3.132917ms)
✔ modified AI clients cannot send free text, clinical data, labels or undeclared keys (0.740274ms)
✔ encrypted credentials migrate, survive restart and reject the wrong master key (16.229677ms)
✔ personal views persist, isolate owners, and reject stale changes (6.369055ms)
✔ view layouts reject malformed values (0.398933ms)
✔ archive reports partial failures, is idempotent and persists in tenant/product/page scope (2.973947ms)
ℹ tests 86
ℹ suites 0
ℹ pass 86
ℹ fail 0
ℹ cancelled 0
ℹ skipped 0
ℹ todo 0
ℹ duration_ms 11927.373058

> nexora-monorepo@1.0.0 test:clinical-api
> tsc -p ../dummy-api/tsconfig.clinical.json && node --test ../dummy-api/clinical-template-store.test.ts ../dummy-api/clinical-template-csv.test.ts ../dummy-api/clinic-billing-store.test.ts ../dummy-api/clinical-triage-store.test.ts ../dummy-api/clinical-consultation-store.test.ts ../dummy-api/comprehensive-consultation-store.test.ts ../dummy-api/op-registration-store.test.ts

✔ prescription → order → invoice → partial payments → refund survives restart and duplicate retries (82.050348ms)
✔ permissions, conflicts, duplicate billing, input validation and tenant isolation (37.208469ms)
✔ void returns unpaid orders for rebilling and blocks paid invoice cancellation (64.866977ms)
✔ unpaid bill corrections preserve revisions and survive retries; paid, stale and unauthorized edits fail (54.352381ms)
✔ consultation drafts persist, retry once, validate explicit entries, finalize immutably and isolate scope (38.790058ms)
✔ expanded notes persist and legacy updates preserve new fields (24.165419ms)
✔ CSV create round-trips commas quotes Unicode newlines and booleans; query and 360 read the saved record after restart (155.580051ms)
✔ CSV changes are read on the next API operation; legacy JSON migration preserves records and leaves source intact (80.32653ms)
✔ corrupt CSV fails closed instead of replacing saved records with seed data (5.326489ms)
✔ CSV parser enforces quoting, row width and duplicate entity identities (0.447813ms)
✔ new related entries and their retry receipts survive restart and appear in 360 from CSV (89.028076ms)
✔ patient search applies combined filters, sorting and pagination (52.017128ms)
✔ complete registration is atomic, persisted and retried idempotently (123.534808ms)
✔ validation, duplicate identity and stale versions cannot alter records (44.116835ms)
✔ patient mutations are tenant/application scoped and permissions are enforced (72.436066ms)
✔ saved searches are user scoped; appointment writes are patient scoped and retry safe (103.347141ms)
✔ eligibility reads the saved policy and rejects unknown policy identities (29.024965ms)
✔ patient record keeps identifiers server managed and projects contact edits into search values (79.416354ms)
✔ registry search uses whole words, phrases, exclusions and child-record values (80.39721ms)
✔ draft persists and retries keep one identity; complete locks history and new assessments are blank (18.676519ms)
✔ completion requires explicit safety/priority and measurements or a reason; malformed input is rejected (5.659021ms)
✔ server roles, tenant scope, optimistic versions and corrupt CSV are enforced (8.458925ms)
✔ comprehensive CSV persists linked records, retries once, rejects stale and signed edits, isolates tenants (29.87369ms)
✔ reject malformed nested data, duplicate diagnoses, dangling orders and unsigned medication review (2.409791ms)
✔ score totals distinguish zero, incomplete, NT and invalid; E/M uses median and separate bounded time (1.590159ms)
✔ required validation, persistent check-in and idempotent retries (46.968121ms)
✔ write permission, optimistic conflict, server-owned eligibility and duplicate encounters (42.407186ms)
✔ clinical lifecycle: signed note immutable, service charges, payments, completion and addenda (85.630158ms)
✔ pending results require ownership, draft policy excludes sensitive fields and expires drafts (23.948038ms)
✔ appointment slot conflict and patient association validation (29.95481ms)
✔ pending results require an owner, date and plan; clinical closure is independent of payment (35.599661ms)
✔ discount cannot create overpayment and reversals preserve the original payment (33.898921ms)
✔ disabled drafts do not prevent check-in or ephemeral eligibility checks (11.542311ms)
ℹ tests 33
ℹ suites 0
ℹ pass 33
ℹ fail 0
ℹ cancelled 0
ℹ skipped 0
ℹ todo 0
ℹ duration_ms 1327.594097
