
> nexora-monorepo@1.0.0 deploy:prepare
> node scripts/deploy.mjs --prepare-only

Preparing release 20260911105427634-cc931847 in isolation.
npm warn deprecated whatwg-encoding@3.1.1: Use @exodus/bytes instead for a more spec-conformant and faster implementation
npm warn deprecated eslint@9.39.5: This version is no longer supported. Please see https://eslint.org/version-support for other options.

added 511 packages in 11s
npm warn install-scripts 2 packages have install scripts not yet covered by allowScripts:
npm warn install-scripts   esbuild@0.28.2 (postinstall: node install.js)
npm warn install-scripts   unrs-resolver@1.12.2 (postinstall: node postinstall.js)
npm warn install-scripts
npm warn install-scripts Run `npm install-scripts ls` to review, or `npm install-scripts approve <pkg>` to allow.

> web@1.0.0 build
> rm -rf .next/static && next build && node ../../scripts/stamp-api.mjs NEXT_PUBLIC_API_URL .next

▲ Next.js 16.3.3 (Turbopack)
✓ Running next.config.ts took 27ms

  Creating an optimized production build ...
✓ Compiled successfully in 9.6s
  Running TypeScript ...
  Finished TypeScript in 9.5s ...
  Collecting page data using 3 workers ...
  Generating static pages using 3 workers (0/3) ...
✓ Generating static pages using 3 workers (3/3) in 408ms
  Finalizing page optimization ...

Route (app)
┌ ○ /
├ ○ /_not-found
├ ƒ /[module]/[page]
├ ƒ /[module]/[page]/[recordId]
├ ƒ /[module]/[page]/[recordId]/edit
├ ƒ /[module]/[page]/new
└ ƒ /view/[viewId]


○  (Static)   prerendered as static content
ƒ  (Dynamic)  server-rendered on demand


> desktop@1.0.0 build
> rm -rf dist && tsc --noEmit && vite build && node ../../scripts/stamp-api.mjs VITE_API_URL dist

vite v7.3.6 building client environment for production...
transforming...
✓ 1896 modules transformed.
rendering chunks...
[plugin vite:reporter] 
(!) /home/pepadmin/enterprice/.deploy/build-jFqcjP/desktop-clients/node_modules/@tauri-apps/api/core.js is dynamically imported by /home/pepadmin/enterprice/.deploy/build-jFqcjP/desktop-clients/packages/erp-shell/src/sentinel.tsx, /home/pepadmin/enterprice/.deploy/build-jFqcjP/desktop-clients/packages/erp-shell/src/sentinel.tsx but also statically imported by /home/pepadmin/enterprice/.deploy/build-jFqcjP/desktop-clients/node_modules/@tauri-apps/api/dpi.js, /home/pepadmin/enterprice/.deploy/build-jFqcjP/desktop-clients/node_modules/@tauri-apps/api/event.js, /home/pepadmin/enterprice/.deploy/build-jFqcjP/desktop-clients/node_modules/@tauri-apps/api/image.js, /home/pepadmin/enterprice/.deploy/build-jFqcjP/desktop-clients/node_modules/@tauri-apps/api/webview.js, /home/pepadmin/enterprice/.deploy/build-jFqcjP/desktop-clients/node_modules/@tauri-apps/api/webviewWindow.js, /home/pepadmin/enterprice/.deploy/build-jFqcjP/desktop-clients/node_modules/@tauri-apps/api/window.js, dynamic import will not move module into another chunk.

[plugin vite:reporter] 
(!) /home/pepadmin/enterprice/.deploy/build-jFqcjP/desktop-clients/node_modules/@tauri-apps/api/event.js is dynamically imported by /home/pepadmin/enterprice/.deploy/build-jFqcjP/desktop-clients/packages/erp-shell/src/sentinel.tsx but also statically imported by /home/pepadmin/enterprice/.deploy/build-jFqcjP/desktop-clients/node_modules/@tauri-apps/api/webview.js, /home/pepadmin/enterprice/.deploy/build-jFqcjP/desktop-clients/node_modules/@tauri-apps/api/webviewWindow.js, /home/pepadmin/enterprice/.deploy/build-jFqcjP/desktop-clients/node_modules/@tauri-apps/api/window.js, dynamic import will not move module into another chunk.

computing gzip size...
dist/index.html                                       1.05 kB │ gzip:   0.52 kB
dist/assets/library-page-BZ8DFha9.css                 1.27 kB │ gzip:   0.59 kB
dist/assets/library-page-CEKWtzpF.css                 1.30 kB │ gzip:   0.50 kB
dist/assets/page-template-DHkRpzaa.css                2.17 kB │ gzip:   0.74 kB
dist/assets/library-page-B5FBY-Fy.css                 4.55 kB │ gzip:   1.28 kB
dist/assets/workspace-Bnk30RYg.css                    5.02 kB │ gzip:   1.41 kB
dist/assets/library-page-B8oeBtES.css                 9.14 kB │ gzip:   2.17 kB
dist/assets/index-CqYfcjce.css                       91.10 kB │ gzip:  16.84 kB
dist/assets/clinical-triage-DHLgwzOt.js               0.12 kB │ gzip:   0.12 kB
dist/assets/clinical-consultation-CY0XKaxC.js         0.12 kB │ gzip:   0.12 kB
dist/assets/preference-choice-Bpu9GmiV.js             0.40 kB │ gzip:   0.26 kB
dist/assets/clinical-document-CRPU8npr.js             0.42 kB │ gzip:   0.33 kB
dist/assets/scanner-input-CUizE134.js                 0.44 kB │ gzip:   0.33 kB
dist/assets/print-document-Blka3L2T.js                0.60 kB │ gzip:   0.36 kB
dist/assets/library-page-HEdJPLsF.js                  0.67 kB │ gzip:   0.40 kB
dist/assets/library-page-CAU3Y2c3.js                  0.76 kB │ gzip:   0.43 kB
dist/assets/clinical-templates-C6qMOJcp.js            0.92 kB │ gzip:   0.52 kB
dist/assets/library-page-DzjYmY5x.js                  0.93 kB │ gzip:   0.56 kB
dist/assets/configured-template-page-azbq52Ye.js      1.80 kB │ gzip:   0.90 kB
dist/assets/calendar-VqaphFmw.js                      3.50 kB │ gzip:   1.61 kB
dist/assets/template-parts-DocICPg5.js                3.64 kB │ gzip:   1.31 kB
dist/assets/library-page-Dk9k2v-Q.js                  7.45 kB │ gzip:   2.57 kB
dist/assets/library-page-CPYaRogU.js                  8.95 kB │ gzip:   3.13 kB
dist/assets/template-library-CLIibJAZ.js              9.84 kB │ gzip:   3.32 kB
dist/assets/library-page-_49gHDlS.js                  9.94 kB │ gzip:   3.42 kB
dist/assets/library-page-Y6XbVymw.js                 11.92 kB │ gzip:   4.38 kB
dist/assets/library-page-Dz_RHjmZ.js                 13.95 kB │ gzip:   4.96 kB
dist/assets/library-page-Db83ITD5.js                 14.32 kB │ gzip:   5.02 kB
dist/assets/index-BmnLmeZP.js                        15.12 kB │ gzip:   2.90 kB
dist/assets/library-page-E6wsvz9-.js                 23.93 kB │ gzip:   7.16 kB
dist/assets/library-page-CJSO9l11.js                 25.52 kB │ gzip:   7.19 kB
dist/assets/library-page-CEUWimOA.js                 34.31 kB │ gzip:  10.64 kB
dist/assets/page-template-VhFsuBsj.js                34.80 kB │ gzip:  10.38 kB
dist/assets/workspace-CdReOQHI.js                    44.62 kB │ gzip:  13.73 kB
dist/assets/component-catalog-AiKoCTaV.js            50.20 kB │ gzip:  12.83 kB
dist/assets/locale-fallback-en-CBzisTc_.js          372.30 kB │ gzip: 101.79 kB
dist/assets/locale-fallback-ar-Dn4UZ6zC.js          472.50 kB │ gzip: 133.33 kB
dist/assets/locale-fallback-hi-BdkuH18X.js          624.92 kB │ gzip: 142.02 kB
dist/assets/locale-fallback-ml-l7C4O9cH.js          737.51 kB │ gzip: 151.76 kB
dist/assets/index-Dya3KKge.js                     1,629.82 kB │ gzip: 491.42 kB

(!) Some chunks are larger than 500 kB after minification. Consider:
- Using dynamic import() to code-split the application
- Use build.rollupOptions.output.manualChunks to improve chunking: https://rollupjs.org/configuration-options/#output-manualchunks
- Adjust chunk size limit for this warning via build.chunkSizeWarningLimit.
✓ built in 6.23s
Both release builds match the explicit deployment API URLs.

  4 packages use utility classes

  every styled package is @source'd by both apps
  ok    web: ai-ui                                          
  ok    web: erp-screens                                    
  ok    web: erp-shell                                      
  ok    web: ops-ui                                         
  ok    desktop: ai-ui                                      
  ok    desktop: erp-screens                                
  ok    desktop: erp-shell                                  
  ok    desktop: ops-ui                                     

  utilities unique to a package survive into the built CSS
  ok    web: ai-ui                                          6 canaries present
  ok    web: erp-screens                                    6 canaries present
  ok    web: erp-shell                                      6 canaries present
  ok    web: ops-ui                                         6 canaries present
  ok    desktop: ai-ui                                      6 canaries present
  ok    desktop: erp-screens                                6 canaries present
  ok    desktop: erp-shell                                  6 canaries present
  ok    desktop: ops-ui                                     6 canaries present

  Every styled package is visible to both apps, and its classes survive the build.

▲ Next.js 16.3.3
- Local:         http://127.0.0.1:44385
- Network:       http://127.0.0.1:44385
✓ Ready in 0ms
✓ Running next.config took 1.3ms
  web: packaged HTML and assets passed on an isolated port.
  desktop: packaged HTML and assets passed on an isolated port.
Prepared and verified: /home/pepadmin/enterprice/.deploy/releases/20260911105427634-cc931847
Running services were not changed.
