check	Documentation contracts	﻿2026-09-11T10:55:30.0915288Z ##[group]Run node ../docs/tools/check-docs.mjs
check	Documentation contracts	2026-09-11T10:55:30.0915649Z ^[[36;1mnode ../docs/tools/check-docs.mjs^[[0m
check	Documentation contracts	2026-09-11T10:55:30.0916092Z ^[[36;1mnode --test ../docs/tools/check-docs.test.mjs ../docs/tools/documentation-contracts.test.mjs^[[0m
check	Documentation contracts	2026-09-11T10:55:30.0916525Z ^[[36;1mnode ../docs/tools/documentation-lifecycle.mjs check^[[0m
check	Documentation contracts	2026-09-11T10:55:30.0938222Z shell: /usr/bin/bash -e {0}
check	Documentation contracts	2026-09-11T10:55:30.0938506Z env:
check	Documentation contracts	2026-09-11T10:55:30.0938815Z   DOCS_BASE_SHA: 614bd2e7959edd911071eae7a92beaea68c40daf
check	Documentation contracts	2026-09-11T10:55:30.0939126Z ##[endgroup]
check	Documentation contracts	2026-09-11T10:55:30.2314989Z /home/runner/work/enterprise-fronend/enterprise-fronend/docs/releases/unreleased/barcode-qr-printing-2026-09-10.md: missing link target evidence/label-printing/unit.log
check	Documentation contracts	2026-09-11T10:55:30.2316613Z /home/runner/work/enterprise-fronend/enterprise-fronend/docs/releases/unreleased/barcode-qr-printing-2026-09-10.md: missing link target evidence/label-printing/api-regression.log
check	Documentation contracts	2026-09-11T10:55:30.2318130Z /home/runner/work/enterprise-fronend/enterprise-fronend/docs/releases/unreleased/barcode-qr-printing-2026-09-10.md: missing link target evidence/label-printing/label-api.log
check	Documentation contracts	2026-09-11T10:55:30.2319659Z /home/runner/work/enterprise-fronend/enterprise-fronend/docs/releases/unreleased/barcode-qr-printing-2026-09-10.md: missing link target evidence/label-printing/deployment-tests.log
check	Documentation contracts	2026-09-11T10:55:30.2321090Z /home/runner/work/enterprise-fronend/enterprise-fronend/docs/releases/unreleased/barcode-qr-printing-2026-09-10.md: missing link target evidence/label-printing/typecheck.log
check	Documentation contracts	2026-09-11T10:55:30.2322407Z /home/runner/work/enterprise-fronend/enterprise-fronend/docs/releases/unreleased/barcode-qr-printing-2026-09-10.md: missing link target evidence/label-printing/build.log
check	Documentation contracts	2026-09-11T10:55:30.2323891Z /home/runner/work/enterprise-fronend/enterprise-fronend/docs/releases/unreleased/barcode-qr-printing-2026-09-10.md: missing link target evidence/label-printing/verify.log
check	Documentation contracts	2026-09-11T10:55:30.2325312Z /home/runner/work/enterprise-fronend/enterprise-fronend/docs/releases/unreleased/barcode-qr-printing-2026-09-10.md: missing link target evidence/label-printing/browser.log
check	Documentation contracts	2026-09-11T10:55:30.2326966Z /home/runner/work/enterprise-fronend/enterprise-fronend/docs/releases/unreleased/barcode-qr-printing-2026-09-10.md: missing link target evidence/label-printing/documentation-tests.log
check	Documentation contracts	2026-09-11T10:55:30.2328594Z /home/runner/work/enterprise-fronend/enterprise-fronend/docs/releases/unreleased/barcode-qr-printing-2026-09-10.md: missing link target evidence/label-printing/documentation-lifecycle.log
check	Documentation contracts	2026-09-11T10:55:30.2330392Z /home/runner/work/enterprise-fronend/enterprise-fronend/docs/releases/unreleased/barcode-qr-printing-2026-09-10.md: missing link target evidence/label-printing/deployment/deployment.log
check	Documentation contracts	2026-09-11T10:55:30.2332245Z /home/runner/work/enterprise-fronend/enterprise-fronend/docs/releases/unreleased/barcode-qr-printing-2026-09-10.md: missing link target evidence/label-printing/deployment/api-install.log
check	Documentation contracts	2026-09-11T10:55:30.2334066Z /home/runner/work/enterprise-fronend/enterprise-fronend/docs/releases/unreleased/barcode-qr-printing-2026-09-10.md: missing link target evidence/label-printing/deployment/live.log
check	Documentation contracts	2026-09-11T10:55:30.2335859Z /home/runner/work/enterprise-fronend/enterprise-fronend/docs/releases/unreleased/barcode-qr-printing-2026-09-10.md: missing link target evidence/label-printing/stock-fit/label-fit-unit.log
check	Documentation contracts	2026-09-11T10:55:30.2337595Z /home/runner/work/enterprise-fronend/enterprise-fronend/docs/releases/unreleased/barcode-qr-printing-2026-09-10.md: missing link target evidence/label-printing/stock-fit/label-fit-api.log
check	Documentation contracts	2026-09-11T10:55:30.2339320Z /home/runner/work/enterprise-fronend/enterprise-fronend/docs/releases/unreleased/barcode-qr-printing-2026-09-10.md: missing link target evidence/label-printing/stock-fit/label-fit-types.log
check	Documentation contracts	2026-09-11T10:55:30.2341136Z /home/runner/work/enterprise-fronend/enterprise-fronend/docs/releases/unreleased/barcode-qr-printing-2026-09-10.md: missing link target evidence/label-printing/stock-fit/label-fit-build.log
check	Documentation contracts	2026-09-11T10:55:30.2343429Z /home/runner/work/enterprise-fronend/enterprise-fronend/docs/releases/unreleased/barcode-qr-printing-2026-09-10.md: missing link target evidence/label-printing/stock-fit/label-fit-verify.log
check	Documentation contracts	2026-09-11T10:55:30.2345180Z /home/runner/work/enterprise-fronend/enterprise-fronend/docs/releases/unreleased/barcode-qr-printing-2026-09-10.md: missing link target evidence/label-printing/stock-fit/label-fit-browser.log
check	Documentation contracts	2026-09-11T10:55:30.2346680Z /home/runner/work/enterprise-fronend/enterprise-fronend/docs/releases/unreleased/barcode-qr-printing-2026-09-10.md: missing link target evidence/label-printing/stock-fit/label-fit-deploy.log
check	Documentation contracts	2026-09-11T10:55:30.2348572Z /home/runner/work/enterprise-fronend/enterprise-fronend/docs/releases/unreleased/barcode-qr-printing-2026-09-10.md: missing link target evidence/label-printing/stock-fit/label-fit-api-restart.log
check	Documentation contracts	2026-09-11T10:55:30.2350140Z /home/runner/work/enterprise-fronend/enterprise-fronend/docs/releases/unreleased/barcode-qr-printing-2026-09-10.md: missing link target evidence/label-printing/stock-fit/label-fit-live.log
check	Documentation contracts	2026-09-11T10:55:30.2351782Z /home/runner/work/enterprise-fronend/enterprise-fronend/docs/releases/unreleased/device-integrations-2026-09-10.md: missing link target evidence/device-integrations/devices-unit.log
check	Documentation contracts	2026-09-11T10:55:30.2353116Z /home/runner/work/enterprise-fronend/enterprise-fronend/docs/releases/unreleased/device-integrations-2026-09-10.md: missing link target evidence/device-integrations/devices-api.log
check	Documentation contracts	2026-09-11T10:55:30.2354384Z /home/runner/work/enterprise-fronend/enterprise-fronend/docs/releases/unreleased/device-integrations-2026-09-10.md: missing link target evidence/device-integrations/devices-api-all.log
check	Documentation contracts	2026-09-11T10:55:30.2355394Z /home/runner/work/enterprise-fronend/enterprise-fronend/docs/releases/unreleased/device-integrations-2026-09-10.md: missing link target evidence/device-integrations/devices-types.log
check	Documentation contracts	2026-09-11T10:55:30.2356437Z /home/runner/work/enterprise-fronend/enterprise-fronend/docs/releases/unreleased/device-integrations-2026-09-10.md: missing link target evidence/device-integrations/devices-build.log
check	Documentation contracts	2026-09-11T10:55:30.2357451Z /home/runner/work/enterprise-fronend/enterprise-fronend/docs/releases/unreleased/device-integrations-2026-09-10.md: missing link target evidence/device-integrations/devices-verify.log
check	Documentation contracts	2026-09-11T10:55:30.2358453Z /home/runner/work/enterprise-fronend/enterprise-fronend/docs/releases/unreleased/device-integrations-2026-09-10.md: missing link target evidence/device-integrations/devices-browser.log
check	Documentation contracts	2026-09-11T10:55:30.2359492Z /home/runner/work/enterprise-fronend/enterprise-fronend/docs/releases/unreleased/device-integrations-2026-09-10.md: missing link target evidence/device-integrations/deployment/devices-deploy.log
check	Documentation contracts	2026-09-11T10:55:30.2360806Z /home/runner/work/enterprise-fronend/enterprise-fronend/docs/releases/unreleased/device-integrations-2026-09-10.md: missing link target evidence/device-integrations/deployment/devices-deploy-api.log
check	Documentation contracts	2026-09-11T10:55:30.2361867Z /home/runner/work/enterprise-fronend/enterprise-fronend/docs/releases/unreleased/device-integrations-2026-09-10.md: missing link target evidence/device-integrations/deployment/devices-live.log
check	Documentation contracts	2026-09-11T10:55:30.2362848Z /home/runner/work/enterprise-fronend/enterprise-fronend/docs/releases/unreleased/identity-devices-2026-09-10.md: missing link target evidence/identity-devices/identity-unit.log
check	Documentation contracts	2026-09-11T10:55:30.2363842Z /home/runner/work/enterprise-fronend/enterprise-fronend/docs/releases/unreleased/identity-devices-2026-09-10.md: missing link target evidence/identity-devices/identity-api.log
check	Documentation contracts	2026-09-11T10:55:30.2364963Z /home/runner/work/enterprise-fronend/enterprise-fronend/docs/releases/unreleased/identity-devices-2026-09-10.md: missing link target evidence/identity-devices/identity-api-all.log
check	Documentation contracts	2026-09-11T10:55:30.2365968Z /home/runner/work/enterprise-fronend/enterprise-fronend/docs/releases/unreleased/identity-devices-2026-09-10.md: missing link target evidence/identity-devices/identity-types.log
check	Documentation contracts	2026-09-11T10:55:30.2367280Z /home/runner/work/enterprise-fronend/enterprise-fronend/docs/releases/unreleased/identity-devices-2026-09-10.md: missing link target evidence/identity-devices/identity-build.log
check	Documentation contracts	2026-09-11T10:55:30.2368300Z /home/runner/work/enterprise-fronend/enterprise-fronend/docs/releases/unreleased/identity-devices-2026-09-10.md: missing link target evidence/identity-devices/identity-verify.log
check	Documentation contracts	2026-09-11T10:55:30.2369288Z /home/runner/work/enterprise-fronend/enterprise-fronend/docs/releases/unreleased/identity-devices-2026-09-10.md: missing link target evidence/identity-devices/identity-browser.log
check	Documentation contracts	2026-09-11T10:55:30.2370715Z /home/runner/work/enterprise-fronend/enterprise-fronend/docs/releases/unreleased/identity-devices-2026-09-10.md: missing link target evidence/identity-devices/source-control/initial-ci.log
check	Documentation contracts	2026-09-11T10:55:30.2371933Z /home/runner/work/enterprise-fronend/enterprise-fronend/docs/releases/unreleased/identity-devices-2026-09-10.md: missing link target evidence/identity-devices/source-control/final-ci.log
check	Documentation contracts	2026-09-11T10:55:30.2372973Z /home/runner/work/enterprise-fronend/enterprise-fronend/docs/releases/unreleased/identity-devices-2026-09-10.md: missing link target evidence/identity-devices/source-control/documentation.log
check	Documentation contracts	2026-09-11T10:55:30.2374044Z /home/runner/work/enterprise-fronend/enterprise-fronend/docs/releases/unreleased/identity-devices-2026-09-10.md: missing link target evidence/identity-devices/source-control/documentation-lifecycle.log
check	Documentation contracts	2026-09-11T10:55:30.2375034Z /home/runner/work/enterprise-fronend/enterprise-fronend/docs/releases/unreleased/op-registration-2026-09-10.md: missing link target evidence/op-registration/unit-final.log
check	Documentation contracts	2026-09-11T10:55:30.2376029Z /home/runner/work/enterprise-fronend/enterprise-fronend/docs/releases/unreleased/op-registration-2026-09-10.md: missing link target evidence/op-registration/op-clinical-tests.log
check	Documentation contracts	2026-09-11T10:55:30.2376961Z /home/runner/work/enterprise-fronend/enterprise-fronend/docs/releases/unreleased/op-registration-2026-09-10.md: missing link target evidence/op-registration/op-browser.log
check	Documentation contracts	2026-09-11T10:55:30.2377904Z /home/runner/work/enterprise-fronend/enterprise-fronend/docs/releases/unreleased/op-registration-2026-09-10.md: missing link target evidence/op-registration/post-gate-tests.log
check	Documentation contracts	2026-09-11T10:55:30.2378864Z /home/runner/work/enterprise-fronend/enterprise-fronend/docs/releases/unreleased/op-registration-2026-09-10.md: missing link target evidence/op-registration/typecheck-final.log
check	Documentation contracts	2026-09-11T10:55:30.2379796Z /home/runner/work/enterprise-fronend/enterprise-fronend/docs/releases/unreleased/op-registration-2026-09-10.md: missing link target evidence/op-registration/build-final.log
check	Documentation contracts	2026-09-11T10:55:30.2380994Z /home/runner/work/enterprise-fronend/enterprise-fronend/docs/releases/unreleased/op-registration-2026-09-10.md: missing link target evidence/op-registration/verify-final.log
check	Documentation contracts	2026-09-11T10:55:30.2381972Z /home/runner/work/enterprise-fronend/enterprise-fronend/docs/releases/unreleased/op-registration-2026-09-10.md: missing link target evidence/op-registration/initial-unit-run.log
check	Documentation contracts	2026-09-11T10:55:30.2382937Z /home/runner/work/enterprise-fronend/enterprise-fronend/docs/releases/unreleased/op-registration-2026-09-10.md: missing link target evidence/op-registration/deployment.log
check	Documentation contracts	2026-09-11T10:55:30.2383850Z /home/runner/work/enterprise-fronend/enterprise-fronend/docs/releases/unreleased/op-registration-2026-09-10.md: missing link target evidence/op-registration/live-smoke.log
check	Documentation contracts	2026-09-11T10:55:30.2384765Z /home/runner/work/enterprise-fronend/enterprise-fronend/docs/releases/unreleased/op-registration-2026-09-10.md: missing link target evidence/op-registration/style/unit.log
check	Documentation contracts	2026-09-11T10:55:30.2385718Z /home/runner/work/enterprise-fronend/enterprise-fronend/docs/releases/unreleased/op-registration-2026-09-10.md: missing link target evidence/op-registration/style/typecheck.log
check	Documentation contracts	2026-09-11T10:55:30.2386668Z /home/runner/work/enterprise-fronend/enterprise-fronend/docs/releases/unreleased/op-registration-2026-09-10.md: missing link target evidence/op-registration/style/build.log
check	Documentation contracts	2026-09-11T10:55:30.2387737Z /home/runner/work/enterprise-fronend/enterprise-fronend/docs/releases/unreleased/op-registration-2026-09-10.md: missing link target evidence/op-registration/style/verify.log
check	Documentation contracts	2026-09-11T10:55:30.2388679Z /home/runner/work/enterprise-fronend/enterprise-fronend/docs/releases/unreleased/op-registration-2026-09-10.md: missing link target evidence/op-registration/style/browser.log
check	Documentation contracts	2026-09-11T10:55:30.2389638Z /home/runner/work/enterprise-fronend/enterprise-fronend/docs/releases/unreleased/op-registration-2026-09-10.md: missing link target evidence/op-registration/style/deployment.log
check	Documentation contracts	2026-09-11T10:55:30.2390674Z /home/runner/work/enterprise-fronend/enterprise-fronend/docs/releases/unreleased/op-registration-2026-09-10.md: missing link target evidence/op-registration/style/live.log
check	Documentation contracts	2026-09-11T10:55:30.2399403Z ##[error]Process completed with exit code 1.
