
> nexora-monorepo@1.0.0 test
> vitest run --maxWorkers=1


 RUN  v3.2.7 /home/pepadmin/enterprice/desktop-clients

 ✓ packages/erp-screens/src/preferences/preferences.test.tsx (3 tests) 1231ms
   ✓ record layout and all three density options use the central preference update  702ms
 ✓ packages/ai-ui/src/administration.test.tsx (20 tests) 964ms
stderr | packages/erp-screens/src/clinical-templates/query.test.tsx > query waits for criteria and preserves filters after a failed search
An update to PatientQueryTemplate inside a test was not wrapped in act(...).

When testing, code that causes React state updates should be wrapped into act(...):

act(() => {
  /* fire events that update state */
});
/* assert on the output */

This ensures that you're testing the behavior the user would see in the browser. Learn more at https://react.dev/link/wrap-tests-with-act

stderr | packages/erp-screens/src/clinical-templates/query.test.tsx > disabled query shortcuts do not focus search or open help
An update to PatientQueryTemplate inside a test was not wrapped in act(...).

When testing, code that causes React state updates should be wrapped into act(...):

act(() => {
  /* fire events that update state */
});
/* assert on the output */

This ensures that you're testing the behavior the user would see in the browser. Learn more at https://react.dev/link/wrap-tests-with-act
An update to PatientQueryTemplate inside a test was not wrapped in act(...).

When testing, code that causes React state updates should be wrapped into act(...):

act(() => {
  /* fire events that update state */
});
/* assert on the output */

This ensures that you're testing the behavior the user would see in the browser. Learn more at https://react.dev/link/wrap-tests-with-act

 ✓ packages/erp-screens/src/clinical-templates/query.test.tsx (7 tests) 1201ms
   ✓ query waits for criteria and preserves filters after a failed search  444ms
 ✓ packages/erp-screens/src/forms/dynamic-record-form.test.tsx (7 tests) 1173ms
   ✓ StrictMode loads safely and reports only acknowledged saves  332ms
 ✓ packages/erp-screens/src/templates/preference-compliance.test.tsx (4 tests) 3451ms
   ✓ all registered templates inherit managed table preferences in both density profiles  3287ms
 ✓ packages/erp-shell/src/workspace/use-workspace-navigation.test.tsx (17 tests) 1003ms
 ✓ packages/erp-screens/src/clinic-billing/workspace.test.tsx (5 tests) 811ms
   ✓ managed layouts update without losing input; failed requests retry the exact operation  327ms
   ✓ bill correction retains input and operation identity on failure; read-only view can return  379ms
 ✓ packages/erp-screens/src/drafts/draft-center.test.tsx (3 tests) 1262ms
   ✓ metadata and policy appear, search/filter use the API and open rechecks access  663ms
   ✓ discard retry retains its operation id and does not remove a row until confirmed  317ms
 ✓ packages/erp-screens/src/templates/page-template.test.tsx (8 tests) 2383ms
   ✓ every configured template renders real shared content and starts with valid sample data  2048ms
 ✓ packages/erp-screens/src/clinical-templates/clinical-templates.test.tsx (7 tests) 2762ms
   ✓ patient form preserves edits through section changes and retries with the same operation  1094ms
   ✓ scope remounts cannot retain another user patient edits  327ms
   ✓ New patient resets a saved record in a reused new-record tab  477ms
   ✓ empty contact editors do not create rows until edited and retain focus while typing  504ms
 ✓ packages/erp-screens/src/drafts/use-shared-draft.test.tsx (4 tests) 1792ms
   ✓ failed draft write retains the exact payload and operation identity on retry  820ms
   ✓ completion waits for in-flight autosave before discarding its acknowledged revision  811ms
 ✓ packages/erp-screens/src/approvals/approval-workspace.test.tsx (7 tests) 536ms
 ✓ packages/ops-ui/src/inline-edit-typed.test.tsx (19 tests) 692ms
 ✓ packages/erp-screens/src/records/specialized-editors.test.tsx (2 tests) 796ms
   ✓ billing fields survive tab changes and are included with line items in a real save  470ms
   ✓ consultation recovers composition, narrative, codes, orders and review checkboxes  325ms
 ✓ packages/ai-client/src/transport.test.ts (22 tests) 1423ms
   ✓ the echo transport > no credential configured falls back to the mock  352ms
   ✓ the echo transport > an unreachable service falls back to the mock  351ms
   ✓ the echo transport > the mock says nothing left the browser, and lists what would have  351ms
   ✓ the echo transport > the mock shows the redacted value, not the original  351ms
 ✓ packages/ops-ui/src/search-select.test.tsx (14 tests) 585ms
 ✓ packages/erp-screens/src/library/preference-compliance.test.tsx (4 tests) 689ms
   ✓ all 12 component catalog routes render their actual examples under non-default preferences  457ms
 ✓ packages/ai-ui/src/transparency.test.tsx (28 tests) 512ms
 ✓ packages/erp-screens/src/clinical-triage/editor.test.tsx (3 tests) 481ms
 ✓ packages/ops-ui/src/overlay.test.tsx (23 tests) 606ms
 ✓ packages/ops-ui/src/shared-components.test.tsx (11 tests) 517ms
 ✓ packages/erp-shell/src/workspace/workspace-canvas.test.tsx (29 tests) 676ms
 ✓ packages/ai-ui/src/modes.test.tsx (34 tests) 577ms
 ✓ packages/ops-ui/src/inline-edit.test.tsx (15 tests) 640ms
 ✓ packages/erp-screens/src/clinical-consultation/workspace.test.tsx (3 tests) 602ms
 ✓ packages/ops-ui/src/dropdown.test.tsx (10 tests) 505ms
 ✓ packages/erp-config/src/application-config.test.ts (3 tests) 651ms
 ✓ packages/erp-screens/src/imports/csv-import-dialog.test.tsx (6 tests) 417ms
 ✓ packages/erp-screens/src/worklist/filter-bar.test.tsx (24 tests) 594ms
 ✓ packages/erp-config/src/i18n.test.ts (4 tests) 660ms
   ✓ localization contracts > provides every catalog message and preserves interpolation names in each language  640ms
 ✓ packages/erp-screens/src/templates/registry-template.test.tsx (3 tests) 482ms
 ✓ packages/erp-data/src/records.test.ts (11 tests) 732ms
 ✓ packages/ops-ui/src/form-controls.test.tsx (30 tests) 439ms
 ✓ packages/erp-shell/src/workspace/workspace-tabs.test.tsx (15 tests) 519ms
 ✓ packages/erp-shell/src/erp-context.test.tsx (36 tests) 900ms
 ✓ packages/erp-screens/src/worklist/use-column-layout.test.tsx (22 tests) 580ms
 ✓ packages/erp-screens/src/comprehensive-consultation/workspace.test.tsx (1 test) 440ms
   ✓ specialty edits survive context and tenant-locked layout changes; preview never saves  438ms
 ✓ packages/ops-ui/src/states.test.tsx (24 tests) 503ms
 ✓ packages/erp-screens/src/page-library/catalog.test.tsx (4 tests) 422ms
   ✓ search, resources and page opening use current access; revoked resource closes  367ms
 ✓ packages/auth/src/session.test.tsx (31 tests) 248ms
 ✓ packages/ops-ui/src/pagination.test.tsx (9 tests) 386ms
 ✓ packages/erp-screens/src/worklist/use-filter-sync.test.tsx (9 tests) 342ms
stderr | packages/ai-ui/src/use-assistant.test.tsx > the administration config > arrives once asked for
An update to Probe inside a test was not wrapped in act(...).

When testing, code that causes React state updates should be wrapped into act(...):

act(() => {
  /* fire events that update state */
});
/* assert on the output */

This ensures that you're testing the behavior the user would see in the browser. Learn more at https://react.dev/link/wrap-tests-with-act

stderr | packages/ai-ui/src/use-assistant.test.tsx > the administration config > a refused config leaves it null rather than half-built
An update to Probe inside a test was not wrapped in act(...).

When testing, code that causes React state updates should be wrapped into act(...):

act(() => {
  /* fire events that update state */
});
/* assert on the output */

This ensures that you're testing the behavior the user would see in the browser. Learn more at https://react.dev/link/wrap-tests-with-act

 ✓ packages/ai-ui/src/use-assistant.test.tsx (24 tests) 247ms
 ✓ packages/erp-screens/src/op-consultation/workspace.test.tsx (1 test) 404ms
   ✓ OP summary navigates fields; locked layout and review retain unsaved values  403ms
 ✓ packages/erp-screens/src/op-registration/workspace.test.tsx (3 tests) 491ms
 ✓ packages/erp-screens/src/records/record-panels.test.tsx (4 tests) 246ms
 ✓ packages/erp-screens/src/library/component-catalog.test.tsx (5 tests) 504ms
 ✓ packages/ops-ui/src/reference-data.test.tsx (17 tests) 225ms
 ✓ packages/erp-screens/src/templates/configured-template-page.test.tsx (3 tests) 150ms
 ✓ packages/ops-ui/src/recovery-notice.test.tsx (5 tests) 306ms
 ✓ packages/ops-ui/src/page-copy-localization.test.tsx (9 tests) 341ms
 ✓ packages/ops-ui/src/segmented.test.tsx (9 tests) 240ms
 ✓ packages/erp-screens/src/worklist/saved-view.test.tsx (11 tests) 258ms
 ✓ packages/erp-shell/src/product-context.test.tsx (3 tests) 243ms
 ✓ packages/ops-ui/src/card.test.tsx (6 tests) 170ms
 ✓ packages/workspace-core/src/use-workspace.test.tsx (19 tests) 191ms
 ✓ packages/ops-ui/src/tabs.test.tsx (3 tests) 115ms
 ✓ packages/erp-shell/src/workspace/mdi-taskbar.test.tsx (7 tests) 143ms
 ✓ packages/ops-ui/src/button.test.tsx (5 tests) 152ms
 ✓ packages/erp-shell/src/workspace/use-mdi-workspace.test.tsx (7 tests) 195ms
 ✓ packages/erp-screens/src/login/recovery.test.tsx (1 test) 183ms
 ✓ packages/ops-ui/src/localization.test.tsx (1 test) 112ms
 ✓ packages/ops-ui/src/avatar.test.tsx (10 tests) 126ms
 ✓ packages/erp-data/src/mock.test.ts (148 tests) 77ms
 ✓ packages/ops-ui/src/skeleton.test.tsx (4 tests) 123ms
 ✓ packages/erp-screens/src/worklist/export-rows.test.ts (26 tests) 79ms
 ✓ packages/ops-ui/src/stat-card.test.tsx (6 tests) 106ms
 ✓ packages/erp-screens/src/product-services.test.tsx (2 tests) 106ms
 ✓ packages/erp-shell/src/sentinel.test.tsx (1 test) 106ms
 ✓ packages/erp-screens/src/preference-preview.test.tsx (1 test) 90ms
 ✓ packages/erp-screens/src/product-access.test.tsx (2 tests) 79ms
 ✓ packages/ops-ui/src/badge.test.tsx (12 tests) 79ms
 ✓ packages/erp-shell/src/workspace/use-detached-windows.test.tsx (13 tests) 77ms
 ✓ packages/ai-client/src/sources.test.tsx (10 tests) 61ms
 ✓ packages/platform-ports/src/ports.test.tsx (17 tests) 46ms
 ✓ packages/ops-ui/src/option-filter.test.tsx (13 tests) 49ms
 ✓ packages/erp-config/src/localization-formatting.test.ts (13 tests) 38ms
 ✓ packages/erp-shell/src/chrome.test.tsx (23 tests) 51ms
 ✓ packages/workspace-core/src/split.test.ts (26 tests) 15ms
 ✓ packages/ai-client/src/redact.test.ts (157 tests) 26ms
 ✓ packages/ai-client/src/admin.test.ts (11 tests) 14ms
 ✓ packages/ops-ui/src/cn.test.ts (9 tests) 18ms
 ✓ packages/workspace-core/src/document-manager.test.ts (47 tests) 22ms
 ✓ packages/auth/src/recovery.test.ts (9 tests) 20ms
 ✓ packages/workspace-core/src/lifecycle.test.ts (11 tests) 10ms
 ✓ packages/workspace-core/src/detach.test.ts (14 tests) 9ms
 ✓ packages/erp-data/src/csv-import.test.ts (5 tests) 11ms
 ✓ packages/erp-config/src/filter-policy.test.ts (15 tests) 17ms
 ✓ packages/erp-config/src/data-classification.test.ts (22 tests) 11ms
 ✓ packages/ops-ui/src/error-mapper.test.ts (32 tests) 9ms
 ✓ packages/erp-screens/src/clinical-templates/overview-data.test.ts (1 test) 10ms
 ✓ packages/erp-data/src/draft-center.test.ts (2 tests) 9ms
 ✓ packages/erp-config/src/product.test.ts (6 tests) 7ms
 ✓ packages/erp-shell/src/workspace/mdi-frames.test.ts (20 tests) 12ms
 ✓ packages/erp-screens/src/worklist/search-request.test.ts (10 tests) 13ms
 ✓ packages/ai-client/src/policy.test.ts (9 tests) 13ms
 ✓ packages/ai-client/src/assemble.test.ts (19 tests) 11ms
 ✓ packages/workspace-core/src/policy.test.ts (15 tests) 7ms
 ✓ packages/erp-config/src/export-policy.test.ts (13 tests) 7ms
 ✓ packages/ai-config/src/gates.test.ts (22 tests) 9ms
 ✓ packages/erp-screens/src/spreadsheet/model.test.ts (4 tests) 8ms
 ✓ packages/auth/src/sentinel.test.ts (5 tests) 6ms
 ✓ packages/erp-shell/src/workspace/target-document.test.ts (9 tests) 5ms
 ✓ packages/ai-client/src/guard.test.ts (9 tests) 4ms
 ✓ packages/workspace-core/src/document-key.test.ts (9 tests) 5ms
 ✓ packages/erp-config/src/draft-policy.test.ts (2 tests) 5ms
 ✓ apps/desktop/src/platform/tauri-windows.test.ts (3 tests) 6ms
 ✓ packages/ai-config/src/policy.test.ts (13 tests) 7ms
 ✓ packages/erp-config/src/form-rules.test.ts (3 tests) 4ms
 ✓ packages/erp-config/src/preference-defaults.test.ts (3 tests) 4ms
 ✓ packages/erp-screens/src/clinical-templates/record-age.test.ts (1 test) 4ms

 Test Files  111 passed (111)
      Tests  1521 passed (1521)
   Start at  11:50:49
   Duration  157.61s (transform 5.11s, setup 27.04s, collect 19.15s, tests 42.73s, environment 42.74s, prepare 7.14s)

