
> nexora-monorepo@1.0.0 verify:form-controls
> node scripts/verify-form-controls.mjs


  every form control comes from ops-ui

    ok    there are files to check                                173 components
    ok    no <table> outside ops-ui                               
    ok    no <input type="checkbox"> outside ops-ui               
    ok    no <input type="radio"> outside ops-ui                  
    ok    no <input type="file"> outside ops-ui                   
    ok    no <select> outside ops-ui                              
    ok    no <textarea> outside ops-ui                            
    ok    no a copy of the field styling outside ops-ui           
    ok    ops-ui exports its form controls                        
    ok    Checkbox exists to be used instead                      
    ok    Radio exists to be used instead                         
    ok    FilePicker exists to be used instead                    
    ok    Select exists to be used instead                        
    ok    Textarea exists to be used instead                      
    ok    Input exists to be used instead                         
    ok    SearchInput exists to be used instead                   

  Every form control on every screen comes from the one library.


> nexora-monorepo@1.0.0 verify:shared-components
> node scripts/verify-shared-components.mjs

PASS shared component adoption: 134 page/AI source files checked, 421 shared component uses. Alerts, charts, editor layouts and interactive choice controls retain specialized markup.
