
> nexora-monorepo@1.0.0 deploy
> node scripts/deploy.mjs

Preparing release 20260910121442766-adf159c0 in isolation.
npm warn deprecated whatwg-encoding@3.1.1: Use @exodus/bytes instead for a more spec-conformant and faster implementation
npm warn deprecated eslint@9.39.5: This version is no longer supported. Please see https://eslint.org/version-support for other options.

added 507 packages in 12s
npm warn install-scripts 2 packages have install scripts not yet covered by allowScripts:
npm warn install-scripts   esbuild@0.28.2 (postinstall: node install.js)
npm warn install-scripts   unrs-resolver@1.12.2 (postinstall: node postinstall.js)
npm warn install-scripts
npm warn install-scripts Run `npm install-scripts ls` to review, or `npm install-scripts approve <pkg>` to allow.

> web@1.0.0 build
> rm -rf .next/static && next build && node ../../scripts/stamp-api.mjs NEXT_PUBLIC_API_URL .next

▲ Next.js 16.3.3 (Turbopack)
✓ Running next.config.ts took 31ms

  Creating an optimized production build ...
✓ Compiled successfully in 11.4s
  Running TypeScript ...
  Finished TypeScript in 10.0s ...
  Collecting page data using 3 workers ...
  Generating static pages using 3 workers (0/3) ...
✓ Generating static pages using 3 workers (3/3) in 295ms
  Finalizing page optimization ...

Route (app)
┌ ○ /
├ ○ /_not-found
├ ƒ /[module]/[page]
├ ƒ /[module]/[page]/[recordId]
├ ƒ /[module]/[page]/[recordId]/edit
├ ƒ /[module]/[page]/new
└ ƒ /view/[viewId]


○  (Static)   prerendered as static content
ƒ  (Dynamic)  server-rendered on demand


> desktop@1.0.0 build
> rm -rf dist && tsc --noEmit && vite build && node ../../scripts/stamp-api.mjs VITE_API_URL dist

vite v7.3.6 building client environment for production...
transforming...
✓ 1861 modules transformed.
rendering chunks...
[plugin vite:reporter] 
(!) /home/pepadmin/enterprice/.deploy/build-Ig3gFG/desktop-clients/node_modules/@tauri-apps/api/core.js is dynamically imported by /home/pepadmin/enterprice/.deploy/build-Ig3gFG/desktop-clients/packages/erp-shell/src/sentinel.tsx, /home/pepadmin/enterprice/.deploy/build-Ig3gFG/desktop-clients/packages/erp-shell/src/sentinel.tsx but also statically imported by /home/pepadmin/enterprice/.deploy/build-Ig3gFG/desktop-clients/node_modules/@tauri-apps/api/dpi.js, /home/pepadmin/enterprice/.deploy/build-Ig3gFG/desktop-clients/node_modules/@tauri-apps/api/event.js, /home/pepadmin/enterprice/.deploy/build-Ig3gFG/desktop-clients/node_modules/@tauri-apps/api/image.js, /home/pepadmin/enterprice/.deploy/build-Ig3gFG/desktop-clients/node_modules/@tauri-apps/api/webview.js, /home/pepadmin/enterprice/.deploy/build-Ig3gFG/desktop-clients/node_modules/@tauri-apps/api/webviewWindow.js, /home/pepadmin/enterprice/.deploy/build-Ig3gFG/desktop-clients/node_modules/@tauri-apps/api/window.js, dynamic import will not move module into another chunk.

[plugin vite:reporter] 
(!) /home/pepadmin/enterprice/.deploy/build-Ig3gFG/desktop-clients/node_modules/@tauri-apps/api/event.js is dynamically imported by /home/pepadmin/enterprice/.deploy/build-Ig3gFG/desktop-clients/packages/erp-shell/src/sentinel.tsx but also statically imported by /home/pepadmin/enterprice/.deploy/build-Ig3gFG/desktop-clients/node_modules/@tauri-apps/api/webview.js, /home/pepadmin/enterprice/.deploy/build-Ig3gFG/desktop-clients/node_modules/@tauri-apps/api/webviewWindow.js, /home/pepadmin/enterprice/.deploy/build-Ig3gFG/desktop-clients/node_modules/@tauri-apps/api/window.js, dynamic import will not move module into another chunk.

computing gzip size...
dist/index.html                                       1.05 kB │ gzip:   0.52 kB
dist/assets/page-template-DHkRpzaa.css                2.17 kB │ gzip:   0.74 kB
dist/assets/workspace-Bnk30RYg.css                    5.02 kB │ gzip:   1.41 kB
dist/assets/library-page-B8oeBtES.css                 9.14 kB │ gzip:   2.17 kB
dist/assets/index-CAB-LPla.css                       91.03 kB │ gzip:  16.83 kB
dist/assets/clinical-triage-DHLgwzOt.js               0.12 kB │ gzip:   0.12 kB
dist/assets/clinical-consultation-CY0XKaxC.js         0.12 kB │ gzip:   0.12 kB
dist/assets/preference-choice-BObmTQR8.js             0.40 kB │ gzip:   0.27 kB
dist/assets/clinical-document-CRPU8npr.js             0.42 kB │ gzip:   0.33 kB
dist/assets/print-document-fkULwZCv.js                0.60 kB │ gzip:   0.36 kB
dist/assets/library-page-NEahMFhZ.js                  0.67 kB │ gzip:   0.40 kB
dist/assets/library-page-BLFoPBrC.js                  0.76 kB │ gzip:   0.43 kB
dist/assets/clinical-templates-C6qMOJcp.js            0.92 kB │ gzip:   0.52 kB
dist/assets/library-page-CAfurauN.js                  0.93 kB │ gzip:   0.57 kB
dist/assets/configured-template-page-BuVkuM99.js      1.76 kB │ gzip:   0.89 kB
dist/assets/calendar-jfv5lOda.js                      3.49 kB │ gzip:   1.61 kB
dist/assets/library-page-DRme9YP3.js                  7.44 kB │ gzip:   2.57 kB
dist/assets/template-library-yf7eTxXX.js              9.79 kB │ gzip:   3.30 kB
dist/assets/index-Dc38yqQK.js                        12.20 kB │ gzip:   2.68 kB
dist/assets/library-page-lzqdVGpx.js                 23.93 kB │ gzip:   7.16 kB
dist/assets/library-page-DKKiVkx1.js                 25.52 kB │ gzip:   7.20 kB
dist/assets/library-page-BW6_otna.js                 34.31 kB │ gzip:  10.64 kB
dist/assets/page-template-DLY-t53u.js                38.18 kB │ gzip:  11.08 kB
dist/assets/workspace-CvkyNHd1.js                    44.61 kB │ gzip:  13.73 kB
dist/assets/component-catalog-PUvcnMJt.js            49.92 kB │ gzip:  12.71 kB
dist/assets/locale-fallback-en-FGgpJ4Qk.js          329.26 kB │ gzip:  89.53 kB
dist/assets/locale-fallback-ar-BP1ROOnK.js          416.08 kB │ gzip: 119.44 kB
dist/assets/locale-fallback-hi-DJcBTiRz.js          544.00 kB │ gzip: 127.03 kB
dist/assets/locale-fallback-ml-DXDJ_MW4.js          642.52 kB │ gzip: 135.64 kB
dist/assets/index-CU-Y2zqA.js                     1,537.45 kB │ gzip: 463.38 kB

(!) Some chunks are larger than 500 kB after minification. Consider:
- Using dynamic import() to code-split the application
- Use build.rollupOptions.output.manualChunks to improve chunking: https://rollupjs.org/configuration-options/#output-manualchunks
- Adjust chunk size limit for this warning via build.chunkSizeWarningLimit.
✓ built in 6.03s
Both release builds match the explicit deployment API URLs.

  4 packages use utility classes

  every styled package is @source'd by both apps
  ok    web: ai-ui                                          
  ok    web: erp-screens                                    
  ok    web: erp-shell                                      
  ok    web: ops-ui                                         
  ok    desktop: ai-ui                                      
  ok    desktop: erp-screens                                
  ok    desktop: erp-shell                                  
  ok    desktop: ops-ui                                     

  utilities unique to a package survive into the built CSS
  ok    web: ai-ui                                          6 canaries present
  ok    web: erp-screens                                    6 canaries present
  ok    web: erp-shell                                      6 canaries present
  ok    web: ops-ui                                         6 canaries present
  ok    desktop: ai-ui                                      6 canaries present
  ok    desktop: erp-screens                                6 canaries present
  ok    desktop: erp-shell                                  6 canaries present
  ok    desktop: ops-ui                                     6 canaries present

  Every styled package is visible to both apps, and its classes survive the build.

▲ Next.js 16.3.3
- Local:         http://127.0.0.1:41359
- Network:       http://127.0.0.1:41359
✓ Ready in 0ms
✓ Running next.config took 1.6ms
  web: packaged HTML and assets passed on an isolated port.
  desktop: packaged HTML and assets passed on an isolated port.
✓ desktop  stopped
✓ web      stopped
✓ web      up on :3100  (web shell (Next))
✓ desktop  up on :3101  (desktop shell)
Deployed: /home/pepadmin/enterprice/.deploy/releases/20260910121442766-adf159c0
Both shells answer with their application assets.
Previous release retained: /home/pepadmin/enterprice/.deploy/releases/20260910120617832-2972abbe
