
> nexora-monorepo@1.0.0 build
> turbo run build

• turbo 2.10.12

   • Packages in scope: @pepbits/ai-client, @pepbits/ai-config, @pepbits/ai-ui, @pepbits/auth, @pepbits/erp-config, @pepbits/erp-data, @pepbits/erp-screens, @pepbits/erp-shell, @pepbits/ops-ui, @pepbits/platform-ports, @pepbits/tokens, @pepbits/workspace-core, desktop, web
   • Running build in 14 packages
   • Remote caching disabled

desktop:build: cache miss, executing 5d668a7bfb52bc64
web:build: cache miss, executing 66744aef09661cc1
web:build: 
web:build: > web@1.0.0 build
web:build: > rm -rf .next/static && next build && node ../../scripts/stamp-api.mjs NEXT_PUBLIC_API_URL .next
web:build: 
desktop:build: 
desktop:build: > desktop@1.0.0 build
desktop:build: > rm -rf dist && tsc --noEmit && vite build && node ../../scripts/stamp-api.mjs VITE_API_URL dist
desktop:build: 
web:build: ▲ Next.js 16.3.3 (Turbopack)
web:build: - Environments: .env.local
web:build: ✓ Running next.config.ts took 37ms
web:build: 
web:build:   Creating an optimized production build ...
web:build: ✓ Compiled successfully in 4.9s
web:build:   Running TypeScript ...
desktop:build: vite v7.3.6 building client environment for production...
desktop:build: transforming...
web:build:   Finished TypeScript in 12.6s ...
web:build:   Collecting page data using 3 workers ...
web:build:   Generating static pages using 3 workers (0/3) ...
web:build: ✓ Generating static pages using 3 workers (3/3) in 314ms
web:build:   Finalizing page optimization ...
web:build: 
web:build: Route (app)
web:build: ┌ ○ /
web:build: ├ ○ /_not-found
web:build: ├ ƒ /[module]/[page]
web:build: ├ ƒ /[module]/[page]/[recordId]
web:build: ├ ƒ /[module]/[page]/[recordId]/edit
web:build: ├ ƒ /[module]/[page]/new
web:build: └ ƒ /view/[viewId]
web:build: 
web:build: 
web:build: ○  (Static)   prerendered as static content
web:build: ƒ  (Dynamic)  server-rendered on demand
web:build: 
desktop:build: ✓ 1811 modules transformed.
desktop:build: rendering chunks...
desktop:build: [plugin vite:reporter] 
desktop:build: (!) /home/pepadmin/enterprice/desktop-clients/node_modules/@tauri-apps/api/core.js is dynamically imported by /home/pepadmin/enterprice/desktop-clients/packages/erp-shell/src/sentinel.tsx, /home/pepadmin/enterprice/desktop-clients/packages/erp-shell/src/sentinel.tsx but also statically imported by /home/pepadmin/enterprice/desktop-clients/node_modules/@tauri-apps/api/dpi.js, /home/pepadmin/enterprice/desktop-clients/node_modules/@tauri-apps/api/event.js, /home/pepadmin/enterprice/desktop-clients/node_modules/@tauri-apps/api/image.js, /home/pepadmin/enterprice/desktop-clients/node_modules/@tauri-apps/api/webview.js, /home/pepadmin/enterprice/desktop-clients/node_modules/@tauri-apps/api/webviewWindow.js, /home/pepadmin/enterprice/desktop-clients/node_modules/@tauri-apps/api/window.js, dynamic import will not move module into another chunk.
desktop:build: 
desktop:build: [plugin vite:reporter] 
desktop:build: (!) /home/pepadmin/enterprice/desktop-clients/node_modules/@tauri-apps/api/event.js is dynamically imported by /home/pepadmin/enterprice/desktop-clients/packages/erp-shell/src/sentinel.tsx but also statically imported by /home/pepadmin/enterprice/desktop-clients/node_modules/@tauri-apps/api/webview.js, /home/pepadmin/enterprice/desktop-clients/node_modules/@tauri-apps/api/webviewWindow.js, /home/pepadmin/enterprice/desktop-clients/node_modules/@tauri-apps/api/window.js, dynamic import will not move module into another chunk.
desktop:build: 
desktop:build: computing gzip size...
desktop:build: dist/index.html                                       0.96 kB │ gzip:   0.49 kB
desktop:build: dist/assets/page-template-DHkRpzaa.css                2.17 kB │ gzip:   0.74 kB
desktop:build: dist/assets/library-page-Bnk30RYg.css                 5.02 kB │ gzip:   1.41 kB
desktop:build: dist/assets/record-layout-CydyrNUD.css                5.32 kB │ gzip:   1.55 kB
desktop:build: dist/assets/index-BZb1EE7W.css                       84.11 kB │ gzip:  15.29 kB
desktop:build: dist/assets/preference-choice-B1YTz9vT.js             0.40 kB │ gzip:   0.27 kB
desktop:build: dist/assets/configured-template-page-D3SOzsC5.js      1.76 kB │ gzip:   0.88 kB
desktop:build: dist/assets/calendar-CGWxj8qF.js                      3.49 kB │ gzip:   1.61 kB
desktop:build: dist/assets/record-layout-959vWbyK.js                 4.24 kB │ gzip:   1.90 kB
desktop:build: dist/assets/shared-C2XvUyta.js                        8.87 kB │ gzip:   3.34 kB
desktop:build: dist/assets/template-library-XMFGMUvU.js              9.79 kB │ gzip:   3.30 kB
desktop:build: dist/assets/library-page-DTOvLbOM.js                 22.18 kB │ gzip:   6.87 kB
desktop:build: dist/assets/page-template-UbKSo6__.js                38.22 kB │ gzip:  11.10 kB
desktop:build: dist/assets/library-page-A1_K79NB.js                 48.09 kB │ gzip:  14.73 kB
desktop:build: dist/assets/component-catalog-DJ4VLMl2.js            49.19 kB │ gzip:  12.52 kB
desktop:build: dist/assets/ar-B2F1YbW5.js                          356.03 kB │ gzip: 107.30 kB
desktop:build: dist/assets/hi-BHlAvP3F.js                          464.04 kB │ gzip: 114.09 kB
desktop:build: dist/assets/ml-BJbhcULA.js                          549.61 kB │ gzip: 122.01 kB
desktop:build: dist/assets/index-Br2t9XIj.js                     1,736.40 kB │ gzip: 521.46 kB
desktop:build: 
desktop:build: (!) Some chunks are larger than 500 kB after minification. Consider:
desktop:build: - Using dynamic import() to code-split the application
desktop:build: - Use build.rollupOptions.output.manualChunks to improve chunking: https://rollupjs.org/configuration-options/#output-manualchunks
desktop:build: - Adjust chunk size limit for this warning via build.chunkSizeWarningLimit.
desktop:build: ✓ built in 6.86s

 Tasks:    2 successful, 2 total
Cached:    0 cached, 2 total
  Time:    24.37s 

