
> nexora-monorepo@1.0.0 test:api
> node --test ../dummy-api/*.test.mjs && npm run test:clinical-api

✔ authenticated configuration HTTP contract and conditional requests (2679.043507ms)
✔ navigation filters restricted pages, returns stable identity and handles authorization (791.263567ms)
✔ backend file edits change menu ordering and page translations, and overrides are isolated (845.757172ms)
✔ rejects duplicates, invalid parents, cycles, unknown pages and malformed catalogs (355.047172ms)
✔ ordered stages, config snapshot, comments, requester notifications and persistence (11.537204ms)
✔ self approval, tenant/product isolation, stale versions and changed saved records are blocked (18.051066ms)
✔ bulk partial results, request changes, rejection, resubmission and idempotent recovery (8.621995ms)
✔ queue is persisted with exact idempotency and changed payload conflicts (11.069298ms)
✔ scope isolates tenant, product, user and workstation jobs (12.564803ms)
✔ lookup preserves contexts and returns only exact backend records (0.628346ms)
✔ tenant policies require admin, version checks and enforce user locks (3.718637ms)
✔ browser dispatch means requested, demo means simulated, native stays queued (33.182355ms)
✔ dispatch applies policy changed after enqueue and cancelled jobs stay cancelled (14.953016ms)
✔ automatic event simulation is admin-only, opt-in and deduplicated by event ID (4.07312ms)
✔ routing validates device capability and rejects stale policy versions (3.347903ms)
✔ documentation HTTP authorizes every view and persists scoped read state (2808.910293ms)
✔ versioned guides, role-filtered search, explicit language fallback and invalid requests (21.178996ms)
✔ reading state is idempotent, persistent and isolated; only explicit acknowledgment acknowledges (37.785909ms)
✔ manifest rejects broken notices, duplicate versions and invalid tour anchors (1.660087ms)
✔ tenant rollout refuses future snapshots and product manifests stay separate (29.036734ms)
✔ center exposes metadata only and isolates tenant, owner and application (27.58899ms)
✔ unavailable entries conceal page/record identity and cannot be opened but remain discardable (2.235242ms)
✔ changed source versions, approval contexts and missing files have distinct statuses (2.705577ms)
✔ stale discard cannot erase a newer revision, expiry removes drafts and pagination is bounded (39.929208ms)
✔ a stolen opaque reference cannot open or delete another owner draft (1.645266ms)
✔ search matches localized page titles without searching unavailable identities (1.596515ms)
✔ mandatory exclusions are recursive and replay responses contain no secrets (14.333631ms)
✔ policy is tenant/application scoped and ordinary users cannot override it (17.675593ms)
✔ tightened exclusions erase existing drafts and replay copies; old windows cannot resurrect them (15.31376ms)
✔ retention purges on read and keeps tombstones; acknowledged business records survive (12.198118ms)
✔ disabled storage deletes all users drafts and never blocks ordinary record saves (18.007857ms)
✔ shared import and approval drafts survive restart and isolate owner, tenant, product and record (21.795472ms)
✔ shared draft HTTP authorization, payload restrictions and mandatory tenant policy (2028.170303ms)
✔ preview never writes, marks all CSV duplicates and detects existing records and invalid formats (11.995737ms)
✔ partial failures retry only failed rows and survive lost job receipts (8.069168ms)
✔ batch progress, race duplicates, role checks and user isolation (5.410623ms)
✔ backend generates real SVG symbols and persists exact retry identity (37.511325ms)
✔ rejects over-copies, incompatible stock, missing IDs and cross-category records (0.907919ms)
✔ tenant, application and user isolation with server-only admin authority (23.650461ms)
✔ print attempts are not completion; reprint reason and policy are enforced (34.290105ms)
✔ payment QR never marks paid on creation or print and expires server-side (143.415277ms)
✔ all advertised symbologies render; administrator simulation is explicit (252.859622ms)
✔ stock fit failure identifies the printer field (1.330943ms)
✔ every registered backend message has four complete translations (75.792978ms)
✔ the wire envelope preserves old clients, statuses and literal user data (1.136421ms)
✔ unknown errors and old persisted activity retain readable details (0.285773ms)
✔ monitoring HTTP permits collection but restricts management and rejects tenant spoofing (2222.018476ms)
✔ monitoring strips sensitive payloads, deduplicates deliveries, reopens incidents and isolates tenants/products (56.477169ms)
✔ monitoring validates page references and rate limits each authenticated user (42.152629ms)
✔ preference HTTP rejects non-admin policy writes, locked imports and stale clients (2646.460469ms)
✔ API module preference changes startup navigation only for its account and application (2132.993201ms)
✔ locks persist, reject overrides, and unlocking restores personal choices (135.056292ms)
✔ policy and overrides isolate tenant, product and user; permission is explicit (70.269354ms)
✔ stale policies, concurrent saves and invalid fields cannot replace current state (109.612085ms)
✔ admin defaults apply to new users; unlocked personal choices and reset take precedence (66.040753ms)
✔ default module persists per account and respects access revocation and tenant locks (123.030255ms)
✔ attachments round trip and list responses omit bytes; removal and retries are atomic (8.564953ms)
✔ comments, related records and activity are scoped; invalid or denied writes leave no event (189.147358ms)
✔ saved records and recovery drafts survive reopening the store (8.596563ms)
✔ record versions are shared in a tenant; drafts belong to the account (9.898636ms)
✔ stale saves and drafts cannot overwrite another window (11.41503ms)
✔ retrying an acknowledged operation is idempotent (9.28091ms)
✔ discard keeps a revision tombstone so late draft writes cannot resurrect it (12.656403ms)
✔ invalid payloads do not mutate the record (0.861918ms)
✔ a failed disk write does not publish a saved record (1.10249ms)
✔ create allocates an independent record and clears only the source draft (9.1727ms)
✔ authenticated HTTP record lifecycle, isolation and conflicts (2569.151245ms)
✔ calendar month recurrence preserves the anchor day across February (2.314131ms)
✔ schedules persist, retry failed work, isolate owners and do not duplicate a due delivery (216.945568ms)
✔ HTTP enforcement: origins, tenant audit authorization, schedules and AI refusals (7329.155288ms)
✔ audit survives restart, isolates tenants, strips data and expires by retention (60.009971ms)
✔ providers must match exact HTTPS bases; expired credentials fail closed (0.468535ms)
✔ one user cannot exhaust another user allowance; tenant remains part of the key (0.327982ms)
✔ modified AI clients cannot send free text, clinical data, labels or undeclared keys (5.598034ms)
✔ encrypted credentials migrate, survive restart and reject the wrong master key (18.098055ms)
✔ personal views persist, isolate owners, and reject stale changes (6.288841ms)
✔ view layouts reject malformed values (0.305392ms)
✔ archive reports partial failures, is idempotent and persists in tenant/product/page scope (2.486345ms)
ℹ tests 78
ℹ suites 0
ℹ pass 78
ℹ fail 0
ℹ cancelled 0
ℹ skipped 0
ℹ todo 0
ℹ duration_ms 14606.306375

> nexora-monorepo@1.0.0 test:clinical-api
> tsc -p ../dummy-api/tsconfig.clinical.json && node --test ../dummy-api/clinical-template-store.test.ts ../dummy-api/clinical-template-csv.test.ts ../dummy-api/clinic-billing-store.test.ts ../dummy-api/clinical-triage-store.test.ts ../dummy-api/clinical-consultation-store.test.ts ../dummy-api/comprehensive-consultation-store.test.ts ../dummy-api/op-registration-store.test.ts

✔ prescription → order → invoice → partial payments → refund survives restart and duplicate retries (57.996117ms)
✔ permissions, conflicts, duplicate billing, input validation and tenant isolation (32.33714ms)
✔ void returns unpaid orders for rebilling and blocks paid invoice cancellation (35.46471ms)
✔ unpaid bill corrections preserve revisions and survive retries; paid, stale and unauthorized edits fail (44.740949ms)
✔ consultation drafts persist, retry once, validate explicit entries, finalize immutably and isolate scope (29.646704ms)
✔ expanded notes persist and legacy updates preserve new fields (14.312377ms)
✔ CSV create round-trips commas quotes Unicode newlines and booleans; query and 360 read the saved record after restart (156.875584ms)
✔ CSV changes are read on the next API operation; legacy JSON migration preserves records and leaves source intact (111.800032ms)
✔ corrupt CSV fails closed instead of replacing saved records with seed data (5.974046ms)
✔ CSV parser enforces quoting, row width and duplicate entity identities (0.377083ms)
✔ new related entries and their retry receipts survive restart and appear in 360 from CSV (58.928645ms)
✔ patient search applies combined filters, sorting and pagination (92.440767ms)
✔ complete registration is atomic, persisted and retried idempotently (76.663785ms)
✔ validation, duplicate identity and stale versions cannot alter records (62.49485ms)
✔ patient mutations are tenant/application scoped and permissions are enforced (111.997653ms)
✔ saved searches are user scoped; appointment writes are patient scoped and retry safe (64.325256ms)
✔ eligibility reads the saved policy and rejects unknown policy identities (21.689858ms)
✔ patient record keeps identifiers server managed and projects contact edits into search values (58.496531ms)
✔ registry search uses whole words, phrases, exclusions and child-record values (105.181257ms)
✔ draft persists and retries keep one identity; complete locks history and new assessments are blank (26.682395ms)
✔ completion requires explicit safety/priority and measurements or a reason; malformed input is rejected (12.60306ms)
✔ server roles, tenant scope, optimistic versions and corrupt CSV are enforced (4.932617ms)
✔ comprehensive CSV persists linked records, retries once, rejects stale and signed edits, isolates tenants (22.864619ms)
✔ reject malformed nested data, duplicate diagnoses, dangling orders and unsigned medication review (6.264229ms)
✔ score totals distinguish zero, incomplete, NT and invalid; E/M uses median and separate bounded time (2.512814ms)
✔ required validation, persistent check-in and idempotent retries (39.59065ms)
✔ write permission, optimistic conflict, server-owned eligibility and duplicate encounters (29.683505ms)
✔ clinical lifecycle: signed note immutable, service charges, payments, completion and addenda (77.905786ms)
✔ pending results require ownership, draft policy excludes sensitive fields and expires drafts (23.623937ms)
✔ appointment slot conflict and patient association validation (29.913117ms)
✔ pending results require an owner, date and plan; clinical closure is independent of payment (26.022649ms)
✔ discount cannot create overpayment and reversals preserve the original payment (37.965264ms)
✔ disabled drafts do not prevent check-in or ephemeral eligibility checks (8.163618ms)
ℹ tests 33
ℹ suites 0
ℹ pass 33
ℹ fail 0
ℹ cancelled 0
ℹ skipped 0
ℹ todo 0
ℹ duration_ms 1491.549018
