check	Documentation contracts	﻿2026-09-11T10:23:28.8485312Z ##[group]Run node ../docs/tools/check-docs.mjs
check	Documentation contracts	2026-09-11T10:23:28.8485735Z ^[[36;1mnode ../docs/tools/check-docs.mjs^[[0m
check	Documentation contracts	2026-09-11T10:23:28.8486257Z ^[[36;1mnode --test ../docs/tools/check-docs.test.mjs ../docs/tools/documentation-contracts.test.mjs^[[0m
check	Documentation contracts	2026-09-11T10:23:28.8486821Z ^[[36;1mnode ../docs/tools/documentation-lifecycle.mjs check^[[0m
check	Documentation contracts	2026-09-11T10:23:28.8528491Z shell: /usr/bin/bash -e {0}
check	Documentation contracts	2026-09-11T10:23:28.8528757Z env:
check	Documentation contracts	2026-09-11T10:23:28.8529024Z   DOCS_BASE_SHA: d9e51db536cd9ff4abc9d8aab70886391c647d77
check	Documentation contracts	2026-09-11T10:23:28.8529353Z ##[endgroup]
check	Documentation contracts	2026-09-11T10:23:29.0530014Z /home/runner/work/enterprise-fronend/enterprise-fronend/docs/releases/unreleased/barcode-qr-printing-2026-09-10.md: missing link target evidence/label-printing/unit.log
check	Documentation contracts	2026-09-11T10:23:29.0532196Z /home/runner/work/enterprise-fronend/enterprise-fronend/docs/releases/unreleased/barcode-qr-printing-2026-09-10.md: missing link target evidence/label-printing/api-regression.log
check	Documentation contracts	2026-09-11T10:23:29.0534781Z /home/runner/work/enterprise-fronend/enterprise-fronend/docs/releases/unreleased/barcode-qr-printing-2026-09-10.md: missing link target evidence/label-printing/label-api.log
check	Documentation contracts	2026-09-11T10:23:29.0537614Z /home/runner/work/enterprise-fronend/enterprise-fronend/docs/releases/unreleased/barcode-qr-printing-2026-09-10.md: missing link target evidence/label-printing/deployment-tests.log
check	Documentation contracts	2026-09-11T10:23:29.0539053Z /home/runner/work/enterprise-fronend/enterprise-fronend/docs/releases/unreleased/barcode-qr-printing-2026-09-10.md: missing link target evidence/label-printing/typecheck.log
check	Documentation contracts	2026-09-11T10:23:29.0540827Z /home/runner/work/enterprise-fronend/enterprise-fronend/docs/releases/unreleased/barcode-qr-printing-2026-09-10.md: missing link target evidence/label-printing/build.log
check	Documentation contracts	2026-09-11T10:23:29.0543287Z /home/runner/work/enterprise-fronend/enterprise-fronend/docs/releases/unreleased/barcode-qr-printing-2026-09-10.md: missing link target evidence/label-printing/verify.log
check	Documentation contracts	2026-09-11T10:23:29.0545841Z /home/runner/work/enterprise-fronend/enterprise-fronend/docs/releases/unreleased/barcode-qr-printing-2026-09-10.md: missing link target evidence/label-printing/browser.log
check	Documentation contracts	2026-09-11T10:23:29.0547805Z /home/runner/work/enterprise-fronend/enterprise-fronend/docs/releases/unreleased/barcode-qr-printing-2026-09-10.md: missing link target evidence/label-printing/documentation-tests.log
check	Documentation contracts	2026-09-11T10:23:29.0549967Z /home/runner/work/enterprise-fronend/enterprise-fronend/docs/releases/unreleased/barcode-qr-printing-2026-09-10.md: missing link target evidence/label-printing/documentation-lifecycle.log
check	Documentation contracts	2026-09-11T10:23:29.0552424Z /home/runner/work/enterprise-fronend/enterprise-fronend/docs/releases/unreleased/barcode-qr-printing-2026-09-10.md: missing link target evidence/label-printing/deployment/deployment.log
check	Documentation contracts	2026-09-11T10:23:29.0554915Z /home/runner/work/enterprise-fronend/enterprise-fronend/docs/releases/unreleased/barcode-qr-printing-2026-09-10.md: missing link target evidence/label-printing/deployment/api-install.log
check	Documentation contracts	2026-09-11T10:23:29.0558219Z /home/runner/work/enterprise-fronend/enterprise-fronend/docs/releases/unreleased/barcode-qr-printing-2026-09-10.md: missing link target evidence/label-printing/deployment/live.log
check	Documentation contracts	2026-09-11T10:23:29.0560855Z /home/runner/work/enterprise-fronend/enterprise-fronend/docs/releases/unreleased/barcode-qr-printing-2026-09-10.md: missing link target evidence/label-printing/stock-fit/label-fit-unit.log
check	Documentation contracts	2026-09-11T10:23:29.0563674Z /home/runner/work/enterprise-fronend/enterprise-fronend/docs/releases/unreleased/barcode-qr-printing-2026-09-10.md: missing link target evidence/label-printing/stock-fit/label-fit-api.log
check	Documentation contracts	2026-09-11T10:23:29.0566684Z /home/runner/work/enterprise-fronend/enterprise-fronend/docs/releases/unreleased/barcode-qr-printing-2026-09-10.md: missing link target evidence/label-printing/stock-fit/label-fit-types.log
check	Documentation contracts	2026-09-11T10:23:29.0569424Z /home/runner/work/enterprise-fronend/enterprise-fronend/docs/releases/unreleased/barcode-qr-printing-2026-09-10.md: missing link target evidence/label-printing/stock-fit/label-fit-build.log
check	Documentation contracts	2026-09-11T10:23:29.0573007Z /home/runner/work/enterprise-fronend/enterprise-fronend/docs/releases/unreleased/barcode-qr-printing-2026-09-10.md: missing link target evidence/label-printing/stock-fit/label-fit-verify.log
check	Documentation contracts	2026-09-11T10:23:29.0575941Z /home/runner/work/enterprise-fronend/enterprise-fronend/docs/releases/unreleased/barcode-qr-printing-2026-09-10.md: missing link target evidence/label-printing/stock-fit/label-fit-browser.log
check	Documentation contracts	2026-09-11T10:23:29.0578696Z /home/runner/work/enterprise-fronend/enterprise-fronend/docs/releases/unreleased/barcode-qr-printing-2026-09-10.md: missing link target evidence/label-printing/stock-fit/label-fit-deploy.log
check	Documentation contracts	2026-09-11T10:23:29.0581519Z /home/runner/work/enterprise-fronend/enterprise-fronend/docs/releases/unreleased/barcode-qr-printing-2026-09-10.md: missing link target evidence/label-printing/stock-fit/label-fit-api-restart.log
check	Documentation contracts	2026-09-11T10:23:29.0584312Z /home/runner/work/enterprise-fronend/enterprise-fronend/docs/releases/unreleased/barcode-qr-printing-2026-09-10.md: missing link target evidence/label-printing/stock-fit/label-fit-live.log
check	Documentation contracts	2026-09-11T10:23:29.0587263Z /home/runner/work/enterprise-fronend/enterprise-fronend/docs/releases/unreleased/device-integrations-2026-09-10.md: missing link target evidence/device-integrations/devices-unit.log
check	Documentation contracts	2026-09-11T10:23:29.0589951Z /home/runner/work/enterprise-fronend/enterprise-fronend/docs/releases/unreleased/device-integrations-2026-09-10.md: missing link target evidence/device-integrations/devices-api.log
check	Documentation contracts	2026-09-11T10:23:29.0592701Z /home/runner/work/enterprise-fronend/enterprise-fronend/docs/releases/unreleased/device-integrations-2026-09-10.md: missing link target evidence/device-integrations/devices-api-all.log
check	Documentation contracts	2026-09-11T10:23:29.0595627Z /home/runner/work/enterprise-fronend/enterprise-fronend/docs/releases/unreleased/device-integrations-2026-09-10.md: missing link target evidence/device-integrations/devices-types.log
check	Documentation contracts	2026-09-11T10:23:29.0598195Z /home/runner/work/enterprise-fronend/enterprise-fronend/docs/releases/unreleased/device-integrations-2026-09-10.md: missing link target evidence/device-integrations/devices-build.log
check	Documentation contracts	2026-09-11T10:23:29.0600919Z /home/runner/work/enterprise-fronend/enterprise-fronend/docs/releases/unreleased/device-integrations-2026-09-10.md: missing link target evidence/device-integrations/devices-verify.log
check	Documentation contracts	2026-09-11T10:23:29.0603560Z /home/runner/work/enterprise-fronend/enterprise-fronend/docs/releases/unreleased/device-integrations-2026-09-10.md: missing link target evidence/device-integrations/devices-browser.log
check	Documentation contracts	2026-09-11T10:23:29.0606780Z /home/runner/work/enterprise-fronend/enterprise-fronend/docs/releases/unreleased/device-integrations-2026-09-10.md: missing link target evidence/device-integrations/deployment/devices-deploy.log
check	Documentation contracts	2026-09-11T10:23:29.0608498Z /home/runner/work/enterprise-fronend/enterprise-fronend/docs/releases/unreleased/device-integrations-2026-09-10.md: missing link target evidence/device-integrations/deployment/devices-deploy-api.log
check	Documentation contracts	2026-09-11T10:23:29.0610062Z /home/runner/work/enterprise-fronend/enterprise-fronend/docs/releases/unreleased/device-integrations-2026-09-10.md: missing link target evidence/device-integrations/deployment/devices-live.log
check	Documentation contracts	2026-09-11T10:23:29.0611500Z /home/runner/work/enterprise-fronend/enterprise-fronend/docs/releases/unreleased/identity-devices-2026-09-10.md: missing link target evidence/identity-devices/identity-unit.log
check	Documentation contracts	2026-09-11T10:23:29.0612871Z /home/runner/work/enterprise-fronend/enterprise-fronend/docs/releases/unreleased/identity-devices-2026-09-10.md: missing link target evidence/identity-devices/identity-api.log
check	Documentation contracts	2026-09-11T10:23:29.0614448Z /home/runner/work/enterprise-fronend/enterprise-fronend/docs/releases/unreleased/identity-devices-2026-09-10.md: missing link target evidence/identity-devices/identity-api-all.log
check	Documentation contracts	2026-09-11T10:23:29.0617034Z /home/runner/work/enterprise-fronend/enterprise-fronend/docs/releases/unreleased/identity-devices-2026-09-10.md: missing link target evidence/identity-devices/identity-types.log
check	Documentation contracts	2026-09-11T10:23:29.0619976Z /home/runner/work/enterprise-fronend/enterprise-fronend/docs/releases/unreleased/identity-devices-2026-09-10.md: missing link target evidence/identity-devices/identity-build.log
check	Documentation contracts	2026-09-11T10:23:29.0622390Z /home/runner/work/enterprise-fronend/enterprise-fronend/docs/releases/unreleased/identity-devices-2026-09-10.md: missing link target evidence/identity-devices/identity-verify.log
check	Documentation contracts	2026-09-11T10:23:29.0624798Z /home/runner/work/enterprise-fronend/enterprise-fronend/docs/releases/unreleased/identity-devices-2026-09-10.md: missing link target evidence/identity-devices/identity-browser.log
check	Documentation contracts	2026-09-11T10:23:29.0627421Z /home/runner/work/enterprise-fronend/enterprise-fronend/docs/releases/unreleased/identity-devices-2026-09-10.md: missing link target evidence/identity-devices/source-control/initial-ci.log
check	Documentation contracts	2026-09-11T10:23:29.0629921Z /home/runner/work/enterprise-fronend/enterprise-fronend/docs/releases/unreleased/identity-devices-2026-09-10.md: missing link target evidence/identity-devices/source-control/final-ci.log
check	Documentation contracts	2026-09-11T10:23:29.0632470Z /home/runner/work/enterprise-fronend/enterprise-fronend/docs/releases/unreleased/identity-devices-2026-09-10.md: missing link target evidence/identity-devices/source-control/documentation.log
check	Documentation contracts	2026-09-11T10:23:29.0635481Z /home/runner/work/enterprise-fronend/enterprise-fronend/docs/releases/unreleased/identity-devices-2026-09-10.md: missing link target evidence/identity-devices/source-control/documentation-lifecycle.log
check	Documentation contracts	2026-09-11T10:23:29.0637980Z /home/runner/work/enterprise-fronend/enterprise-fronend/docs/releases/unreleased/op-registration-2026-09-10.md: missing link target evidence/op-registration/unit-final.log
check	Documentation contracts	2026-09-11T10:23:29.0640383Z /home/runner/work/enterprise-fronend/enterprise-fronend/docs/releases/unreleased/op-registration-2026-09-10.md: missing link target evidence/op-registration/op-clinical-tests.log
check	Documentation contracts	2026-09-11T10:23:29.0642704Z /home/runner/work/enterprise-fronend/enterprise-fronend/docs/releases/unreleased/op-registration-2026-09-10.md: missing link target evidence/op-registration/op-browser.log
check	Documentation contracts	2026-09-11T10:23:29.0645171Z /home/runner/work/enterprise-fronend/enterprise-fronend/docs/releases/unreleased/op-registration-2026-09-10.md: missing link target evidence/op-registration/post-gate-tests.log
check	Documentation contracts	2026-09-11T10:23:29.0647619Z /home/runner/work/enterprise-fronend/enterprise-fronend/docs/releases/unreleased/op-registration-2026-09-10.md: missing link target evidence/op-registration/typecheck-final.log
check	Documentation contracts	2026-09-11T10:23:29.0650048Z /home/runner/work/enterprise-fronend/enterprise-fronend/docs/releases/unreleased/op-registration-2026-09-10.md: missing link target evidence/op-registration/build-final.log
check	Documentation contracts	2026-09-11T10:23:29.0652457Z /home/runner/work/enterprise-fronend/enterprise-fronend/docs/releases/unreleased/op-registration-2026-09-10.md: missing link target evidence/op-registration/verify-final.log
check	Documentation contracts	2026-09-11T10:23:29.0654841Z /home/runner/work/enterprise-fronend/enterprise-fronend/docs/releases/unreleased/op-registration-2026-09-10.md: missing link target evidence/op-registration/initial-unit-run.log
check	Documentation contracts	2026-09-11T10:23:29.0657511Z /home/runner/work/enterprise-fronend/enterprise-fronend/docs/releases/unreleased/op-registration-2026-09-10.md: missing link target evidence/op-registration/deployment.log
check	Documentation contracts	2026-09-11T10:23:29.0659889Z /home/runner/work/enterprise-fronend/enterprise-fronend/docs/releases/unreleased/op-registration-2026-09-10.md: missing link target evidence/op-registration/live-smoke.log
check	Documentation contracts	2026-09-11T10:23:29.0662264Z /home/runner/work/enterprise-fronend/enterprise-fronend/docs/releases/unreleased/op-registration-2026-09-10.md: missing link target evidence/op-registration/style/unit.log
check	Documentation contracts	2026-09-11T10:23:29.0664673Z /home/runner/work/enterprise-fronend/enterprise-fronend/docs/releases/unreleased/op-registration-2026-09-10.md: missing link target evidence/op-registration/style/typecheck.log
check	Documentation contracts	2026-09-11T10:23:29.0667136Z /home/runner/work/enterprise-fronend/enterprise-fronend/docs/releases/unreleased/op-registration-2026-09-10.md: missing link target evidence/op-registration/style/build.log
check	Documentation contracts	2026-09-11T10:23:29.0669382Z /home/runner/work/enterprise-fronend/enterprise-fronend/docs/releases/unreleased/op-registration-2026-09-10.md: missing link target evidence/op-registration/style/verify.log
check	Documentation contracts	2026-09-11T10:23:29.0671949Z /home/runner/work/enterprise-fronend/enterprise-fronend/docs/releases/unreleased/op-registration-2026-09-10.md: missing link target evidence/op-registration/style/browser.log
check	Documentation contracts	2026-09-11T10:23:29.0673409Z /home/runner/work/enterprise-fronend/enterprise-fronend/docs/releases/unreleased/op-registration-2026-09-10.md: missing link target evidence/op-registration/style/deployment.log
check	Documentation contracts	2026-09-11T10:23:29.0674767Z /home/runner/work/enterprise-fronend/enterprise-fronend/docs/releases/unreleased/op-registration-2026-09-10.md: missing link target evidence/op-registration/style/live.log
check	Documentation contracts	2026-09-11T10:23:29.0688832Z ##[error]Process completed with exit code 1.
