
> nexora-monorepo@1.0.0 deploy
> node scripts/deploy.mjs

Preparing release 20260910145113629-2d10ee76 in isolation.
npm warn deprecated whatwg-encoding@3.1.1: Use @exodus/bytes instead for a more spec-conformant and faster implementation
npm warn deprecated eslint@9.39.5: This version is no longer supported. Please see https://eslint.org/version-support for other options.

added 507 packages in 13s
npm warn install-scripts 2 packages have install scripts not yet covered by allowScripts:
npm warn install-scripts   esbuild@0.28.2 (postinstall: node install.js)
npm warn install-scripts   unrs-resolver@1.12.2 (postinstall: node postinstall.js)
npm warn install-scripts
npm warn install-scripts Run `npm install-scripts ls` to review, or `npm install-scripts approve <pkg>` to allow.

> web@1.0.0 build
> rm -rf .next/static && next build && node ../../scripts/stamp-api.mjs NEXT_PUBLIC_API_URL .next

▲ Next.js 16.3.3 (Turbopack)
✓ Running next.config.ts took 31ms

  Creating an optimized production build ...
✓ Compiled successfully in 10.7s
  Running TypeScript ...
  Finished TypeScript in 8.4s ...
  Collecting page data using 3 workers ...
  Generating static pages using 3 workers (0/3) ...
✓ Generating static pages using 3 workers (3/3) in 262ms
  Finalizing page optimization ...

Route (app)
┌ ○ /
├ ○ /_not-found
├ ƒ /[module]/[page]
├ ƒ /[module]/[page]/[recordId]
├ ƒ /[module]/[page]/[recordId]/edit
├ ƒ /[module]/[page]/new
└ ƒ /view/[viewId]


○  (Static)   prerendered as static content
ƒ  (Dynamic)  server-rendered on demand


> desktop@1.0.0 build
> rm -rf dist && tsc --noEmit && vite build && node ../../scripts/stamp-api.mjs VITE_API_URL dist

vite v7.3.6 building client environment for production...
transforming...
✓ 1874 modules transformed.
rendering chunks...
[plugin vite:reporter] 
(!) /home/pepadmin/enterprice/.deploy/build-B0bN45/desktop-clients/node_modules/@tauri-apps/api/core.js is dynamically imported by /home/pepadmin/enterprice/.deploy/build-B0bN45/desktop-clients/packages/erp-shell/src/sentinel.tsx, /home/pepadmin/enterprice/.deploy/build-B0bN45/desktop-clients/packages/erp-shell/src/sentinel.tsx but also statically imported by /home/pepadmin/enterprice/.deploy/build-B0bN45/desktop-clients/node_modules/@tauri-apps/api/dpi.js, /home/pepadmin/enterprice/.deploy/build-B0bN45/desktop-clients/node_modules/@tauri-apps/api/event.js, /home/pepadmin/enterprice/.deploy/build-B0bN45/desktop-clients/node_modules/@tauri-apps/api/image.js, /home/pepadmin/enterprice/.deploy/build-B0bN45/desktop-clients/node_modules/@tauri-apps/api/webview.js, /home/pepadmin/enterprice/.deploy/build-B0bN45/desktop-clients/node_modules/@tauri-apps/api/webviewWindow.js, /home/pepadmin/enterprice/.deploy/build-B0bN45/desktop-clients/node_modules/@tauri-apps/api/window.js, dynamic import will not move module into another chunk.

[plugin vite:reporter] 
(!) /home/pepadmin/enterprice/.deploy/build-B0bN45/desktop-clients/node_modules/@tauri-apps/api/event.js is dynamically imported by /home/pepadmin/enterprice/.deploy/build-B0bN45/desktop-clients/packages/erp-shell/src/sentinel.tsx but also statically imported by /home/pepadmin/enterprice/.deploy/build-B0bN45/desktop-clients/node_modules/@tauri-apps/api/webview.js, /home/pepadmin/enterprice/.deploy/build-B0bN45/desktop-clients/node_modules/@tauri-apps/api/webviewWindow.js, /home/pepadmin/enterprice/.deploy/build-B0bN45/desktop-clients/node_modules/@tauri-apps/api/window.js, dynamic import will not move module into another chunk.

computing gzip size...
dist/index.html                                       1.05 kB │ gzip:   0.52 kB
dist/assets/library-page-BZ8DFha9.css                 1.27 kB │ gzip:   0.59 kB
dist/assets/page-template-DHkRpzaa.css                2.17 kB │ gzip:   0.74 kB
dist/assets/workspace-Bnk30RYg.css                    5.02 kB │ gzip:   1.41 kB
dist/assets/library-page-B8oeBtES.css                 9.14 kB │ gzip:   2.17 kB
dist/assets/index-CqYfcjce.css                       91.10 kB │ gzip:  16.84 kB
dist/assets/clinical-triage-DHLgwzOt.js               0.12 kB │ gzip:   0.12 kB
dist/assets/clinical-consultation-CY0XKaxC.js         0.12 kB │ gzip:   0.12 kB
dist/assets/preference-choice-CC1YRHan.js             0.40 kB │ gzip:   0.26 kB
dist/assets/clinical-document-CRPU8npr.js             0.42 kB │ gzip:   0.33 kB
dist/assets/print-document-BWFWGROq.js                0.60 kB │ gzip:   0.36 kB
dist/assets/library-page-Crll93YT.js                  0.67 kB │ gzip:   0.40 kB
dist/assets/library-page-B0np01sL.js                  0.76 kB │ gzip:   0.42 kB
dist/assets/library-page-BiJrcqJ0.js                  0.92 kB │ gzip:   0.56 kB
dist/assets/clinical-templates-C6qMOJcp.js            0.92 kB │ gzip:   0.52 kB
dist/assets/configured-template-page-vxJgmo4s.js      1.76 kB │ gzip:   0.88 kB
dist/assets/calendar-DqY0bQjk.js                      3.49 kB │ gzip:   1.61 kB
dist/assets/library-page-D7F8Z-vI.js                  7.45 kB │ gzip:   2.57 kB
dist/assets/template-library-CsY5gZTt.js              9.79 kB │ gzip:   3.31 kB
dist/assets/library-page-C8nkGMMY.js                 10.26 kB │ gzip:   3.56 kB
dist/assets/library-page-7LTcVEIU.js                 11.91 kB │ gzip:   4.37 kB
dist/assets/index-CW8nPu7C.js                        12.19 kB │ gzip:   2.68 kB
dist/assets/library-page-tsCF6dW6.js                 23.93 kB │ gzip:   7.16 kB
dist/assets/library-page-DyoKYBr9.js                 25.52 kB │ gzip:   7.19 kB
dist/assets/library-page-BjmU2RfM.js                 34.30 kB │ gzip:  10.63 kB
dist/assets/page-template-0cH7TCj8.js                38.19 kB │ gzip:  11.08 kB
dist/assets/workspace-DednzYCn.js                    44.62 kB │ gzip:  13.73 kB
dist/assets/component-catalog-DmJFBF-s.js            49.92 kB │ gzip:  12.72 kB
dist/assets/locale-fallback-en-C0D_RDv-.js          336.78 kB │ gzip:  91.81 kB
dist/assets/locale-fallback-ar-_ehAYXmx.js          425.77 kB │ gzip: 122.01 kB
dist/assets/locale-fallback-hi-D91fTDdQ.js          557.73 kB │ gzip: 129.72 kB
dist/assets/locale-fallback-ml-IdCBVEU4.js          658.83 kB │ gzip: 138.54 kB
dist/assets/index-DzNi1rUP.js                     1,546.63 kB │ gzip: 466.27 kB

(!) Some chunks are larger than 500 kB after minification. Consider:
- Using dynamic import() to code-split the application
- Use build.rollupOptions.output.manualChunks to improve chunking: https://rollupjs.org/configuration-options/#output-manualchunks
- Adjust chunk size limit for this warning via build.chunkSizeWarningLimit.
✓ built in 5.46s
Both release builds match the explicit deployment API URLs.

  4 packages use utility classes

  every styled package is @source'd by both apps
  ok    web: ai-ui                                          
  ok    web: erp-screens                                    
  ok    web: erp-shell                                      
  ok    web: ops-ui                                         
  ok    desktop: ai-ui                                      
  ok    desktop: erp-screens                                
  ok    desktop: erp-shell                                  
  ok    desktop: ops-ui                                     

  utilities unique to a package survive into the built CSS
  ok    web: ai-ui                                          6 canaries present
  ok    web: erp-screens                                    6 canaries present
  ok    web: erp-shell                                      6 canaries present
  ok    web: ops-ui                                         6 canaries present
  ok    desktop: ai-ui                                      6 canaries present
  ok    desktop: erp-screens                                6 canaries present
  ok    desktop: erp-shell                                  6 canaries present
  ok    desktop: ops-ui                                     6 canaries present

  Every styled package is visible to both apps, and its classes survive the build.

▲ Next.js 16.3.3
- Local:         http://127.0.0.1:44087
- Network:       http://127.0.0.1:44087
✓ Ready in 0ms
✓ Running next.config took 1.2ms
  web: packaged HTML and assets passed on an isolated port.
  desktop: packaged HTML and assets passed on an isolated port.
✓ desktop  stopped
✓ web      stopped
✓ web      up on :3100  (web shell (Next))
✓ desktop  up on :3101  (desktop shell)
Deployed: /home/pepadmin/enterprice/.deploy/releases/20260910145113629-2d10ee76
Both shells answer with their application assets.
Previous release retained: /home/pepadmin/enterprice/.deploy/releases/20260910142132423-f7ac6cf4
