
> nexora-monorepo@1.0.0 deploy:prepare
> node scripts/deploy.mjs --prepare-only

Preparing release 20260912002147213-851cb66e in isolation.
npm warn deprecated whatwg-encoding@3.1.1: Use @exodus/bytes instead for a more spec-conformant and faster implementation
npm warn deprecated eslint@9.39.5: This version is no longer supported. Please see https://eslint.org/version-support for other options.

added 503 packages in 12s
npm warn install-scripts 2 packages have install scripts not yet covered by allowScripts:
npm warn install-scripts   esbuild@0.28.2 (postinstall: node install.js)
npm warn install-scripts   unrs-resolver@1.12.2 (postinstall: node postinstall.js)
npm warn install-scripts
npm warn install-scripts Run `npm install-scripts ls` to review, or `npm install-scripts approve <pkg>` to allow.

> web@1.0.0 build
> rm -rf .next/static && next build && node ../../scripts/stamp-api.mjs NEXT_PUBLIC_API_URL .next

▲ Next.js 16.3.3 (Turbopack)
✓ Running next.config.ts took 38ms

  Creating an optimized production build ...
✓ Compiled successfully in 11.8s
  Running TypeScript ...
  Finished TypeScript in 9.0s ...
  Collecting page data using 3 workers ...
  Generating static pages using 3 workers (0/3) ...
✓ Generating static pages using 3 workers (3/3) in 287ms
  Finalizing page optimization ...

Route (app)
┌ ○ /
├ ○ /_not-found
├ ƒ /[module]/[page]
├ ƒ /[module]/[page]/[recordId]
├ ƒ /[module]/[page]/[recordId]/edit
├ ƒ /[module]/[page]/new
└ ƒ /view/[viewId]


○  (Static)   prerendered as static content
ƒ  (Dynamic)  server-rendered on demand


> desktop@1.0.0 build
> rm -rf dist && tsc --noEmit && vite build && node ../../scripts/stamp-api.mjs VITE_API_URL dist

vite v7.3.6 building client environment for production...
transforming...
✓ 1922 modules transformed.
rendering chunks...
[plugin vite:reporter] 
(!) /home/pepadmin/enterprice/.deploy/build-wGQAjT/desktop-clients/node_modules/@tauri-apps/api/core.js is dynamically imported by /home/pepadmin/enterprice/.deploy/build-wGQAjT/desktop-clients/packages/erp-shell/src/sentinel.tsx, /home/pepadmin/enterprice/.deploy/build-wGQAjT/desktop-clients/packages/erp-shell/src/sentinel.tsx but also statically imported by /home/pepadmin/enterprice/.deploy/build-wGQAjT/desktop-clients/node_modules/@tauri-apps/api/dpi.js, /home/pepadmin/enterprice/.deploy/build-wGQAjT/desktop-clients/node_modules/@tauri-apps/api/event.js, /home/pepadmin/enterprice/.deploy/build-wGQAjT/desktop-clients/node_modules/@tauri-apps/api/image.js, /home/pepadmin/enterprice/.deploy/build-wGQAjT/desktop-clients/node_modules/@tauri-apps/api/webview.js, /home/pepadmin/enterprice/.deploy/build-wGQAjT/desktop-clients/node_modules/@tauri-apps/api/webviewWindow.js, /home/pepadmin/enterprice/.deploy/build-wGQAjT/desktop-clients/node_modules/@tauri-apps/api/window.js, dynamic import will not move module into another chunk.

[plugin vite:reporter] 
(!) /home/pepadmin/enterprice/.deploy/build-wGQAjT/desktop-clients/node_modules/@tauri-apps/api/event.js is dynamically imported by /home/pepadmin/enterprice/.deploy/build-wGQAjT/desktop-clients/packages/erp-shell/src/sentinel.tsx but also statically imported by /home/pepadmin/enterprice/.deploy/build-wGQAjT/desktop-clients/node_modules/@tauri-apps/api/webview.js, /home/pepadmin/enterprice/.deploy/build-wGQAjT/desktop-clients/node_modules/@tauri-apps/api/webviewWindow.js, /home/pepadmin/enterprice/.deploy/build-wGQAjT/desktop-clients/node_modules/@tauri-apps/api/window.js, dynamic import will not move module into another chunk.

computing gzip size...
dist/index.html                                       1.05 kB │ gzip:   0.52 kB
dist/assets/workbook-options.worker-B47Vz9Ey.js     368.07 kB
dist/assets/library-page-BZ8DFha9.css                 1.27 kB │ gzip:   0.59 kB
dist/assets/page-template-DHkRpzaa.css                2.17 kB │ gzip:   0.74 kB
dist/assets/library-page-B5FBY-Fy.css                 4.55 kB │ gzip:   1.28 kB
dist/assets/workspace-Bnk30RYg.css                    5.02 kB │ gzip:   1.41 kB
dist/assets/library-page-CNkCYsR4.css                 5.85 kB │ gzip:   1.45 kB
dist/assets/library-page-B8oeBtES.css                 9.14 kB │ gzip:   2.17 kB
dist/assets/index-z_AsaOwr.css                       91.23 kB │ gzip:  16.87 kB
dist/assets/clinical-triage-DHLgwzOt.js               0.12 kB │ gzip:   0.12 kB
dist/assets/clinical-consultation-CY0XKaxC.js         0.12 kB │ gzip:   0.12 kB
dist/assets/clock-EATEQTb2.js                         0.38 kB │ gzip:   0.26 kB
dist/assets/preference-choice-Dg-LYREC.js             0.40 kB │ gzip:   0.27 kB
dist/assets/clinical-document-CRPU8npr.js             0.42 kB │ gzip:   0.33 kB
dist/assets/scanner-input-BnvtMAgp.js                 0.44 kB │ gzip:   0.34 kB
dist/assets/print-document-DqKIgMY_.js                0.60 kB │ gzip:   0.36 kB
dist/assets/library-page-ChWGCIql.js                  0.67 kB │ gzip:   0.40 kB
dist/assets/library-page-Cyjr8DER.js                  0.76 kB │ gzip:   0.43 kB
dist/assets/clinical-templates-C6qMOJcp.js            0.92 kB │ gzip:   0.52 kB
dist/assets/library-page-Bn8kZWdd.js                  0.96 kB │ gzip:   0.58 kB
dist/assets/configured-template-page-C7hE8Gku.js      1.80 kB │ gzip:   0.90 kB
dist/assets/calendar-Bmql2j2I.js                      3.49 kB │ gzip:   1.61 kB
dist/assets/template-parts-D3IayQg3.js                3.85 kB │ gzip:   1.42 kB
dist/assets/choice-fields-B-cUcqBR.js                 7.44 kB │ gzip:   2.74 kB
dist/assets/library-page-Dc35eXcP.js                  7.45 kB │ gzip:   2.57 kB
dist/assets/library-page-BDCXRUhb.js                  8.95 kB │ gzip:   3.13 kB
dist/assets/template-library-TE7ePIHS.js              9.84 kB │ gzip:   3.32 kB
dist/assets/library-page-CQCPb3xo.js                  9.94 kB │ gzip:   3.42 kB
dist/assets/library-page-BPGgwayG.js                 11.92 kB │ gzip:   4.37 kB
dist/assets/library-page-BEcdK6_U.js                 13.96 kB │ gzip:   4.96 kB
dist/assets/index-19yQFQfo.js                        15.12 kB │ gzip:   2.90 kB
dist/assets/library-page-DUezQu0R.js                 23.93 kB │ gzip:   7.17 kB
dist/assets/library-page-JFPndoZ3.js                 25.52 kB │ gzip:   7.19 kB
dist/assets/library-page-Ccwsubts.js                 34.34 kB │ gzip:  10.66 kB
dist/assets/page-template-DsVIQxzs.js                34.80 kB │ gzip:  10.38 kB
dist/assets/workspace-CGIJlJIU.js                    44.35 kB │ gzip:  13.63 kB
dist/assets/component-catalog-CiNvvv3-.js            45.19 kB │ gzip:  11.04 kB
dist/assets/library-page-BiTAa2te.js                 78.47 kB │ gzip:  23.66 kB
dist/assets/locale-fallback-en-BAccxodP.js          388.63 kB │ gzip: 106.91 kB
dist/assets/locale-fallback-ar-BmWg_csp.js          494.36 kB │ gzip: 139.04 kB
dist/assets/locale-fallback-hi-CQ57BYrl.js          655.61 kB │ gzip: 148.01 kB
dist/assets/locale-fallback-ml-YJrXYTXr.js          775.10 kB │ gzip: 158.26 kB
dist/assets/index-C7NTyU8d.js                     1,714.29 kB │ gzip: 515.35 kB

(!) Some chunks are larger than 500 kB after minification. Consider:
- Using dynamic import() to code-split the application
- Use build.rollupOptions.output.manualChunks to improve chunking: https://rollupjs.org/configuration-options/#output-manualchunks
- Adjust chunk size limit for this warning via build.chunkSizeWarningLimit.
✓ built in 7.22s
Both release builds match the explicit deployment API URLs.

  4 packages use utility classes

  every styled package is @source'd by both apps
  ok    web: ai-ui                                          
  ok    web: erp-screens                                    
  ok    web: erp-shell                                      
  ok    web: ops-ui                                         
  ok    desktop: ai-ui                                      
  ok    desktop: erp-screens                                
  ok    desktop: erp-shell                                  
  ok    desktop: ops-ui                                     

  utilities unique to a package survive into the built CSS
  ok    web: ai-ui                                          6 canaries present
  ok    web: erp-screens                                    6 canaries present
  ok    web: erp-shell                                      6 canaries present
  ok    web: ops-ui                                         6 canaries present
  ok    desktop: ai-ui                                      6 canaries present
  ok    desktop: erp-screens                                6 canaries present
  ok    desktop: erp-shell                                  6 canaries present
  ok    desktop: ops-ui                                     6 canaries present

  Every styled package is visible to both apps, and its classes survive the build.

▲ Next.js 16.3.3
- Local:         http://127.0.0.1:45619
- Network:       http://127.0.0.1:45619
✓ Ready in 0ms
✓ Running next.config took 1.2ms
  web: packaged HTML and assets passed on an isolated port.
  desktop: packaged HTML and assets passed on an isolated port.
Prepared and verified: /home/pepadmin/enterprice/.deploy/releases/20260912002147213-851cb66e
Running services were not changed.
