
> nexora-monorepo@1.0.0 ci
> npm run typecheck && npm test && npm run test:api && npm run test:e2e-registry && npm run test:deployment && npm run build && npm run verify


> nexora-monorepo@1.0.0 typecheck
> node scripts/typecheck.mjs


  typecheck

    ok    packages/ai-client
    ok    packages/ai-config
    ok    packages/ai-ui
    ok    packages/auth
    ok    packages/erp-config
    ok    packages/erp-data
    ok    packages/erp-screens
    ok    packages/erp-shell
    ok    packages/ops-ui
    ok    packages/platform-ports
    ok    packages/workspace-core
    ok    apps/desktop

  Every package typechecks.


> nexora-monorepo@1.0.0 test
> vitest run


 RUN  v3.2.7 /home/pepadmin/enterprice/desktop-clients

 ❯ packages/erp-screens/src/templates/page-template.test.tsx (8 tests | 1 failed) 7816ms
   × every configured template renders real shared content and starts with valid sample data 6533ms
     → Test timed out in 5000ms.
If this is a long-running test, pass a timeout value as the last argument or configure it globally with "testTimeout".
   ✓ required fields block submission and show the relevant section  333ms
   ✓ a failed save retains values and retries the same operation identity 266ms
   ✓ scope changes cannot expose the previous editor values 94ms
   ✓ readonly and missing adapters never allow changes or saves 63ms
   ✓ line totals use configured precision and financial entries must balance 1ms
   ✓ booking validates the time range 0ms
   ✓ conflict review does not replace edits before explicit confirmation  525ms
 ✓ packages/erp-screens/src/clinical-templates/clinical-templates.test.tsx (7 tests) 8190ms
   ✓ patient form preserves edits through section changes and retries with the same operation  3737ms
   ✓ read-only metadata blocks saves and form inputs  652ms
   ✓ scope remounts cannot retain another user patient edits  951ms
   ✓ late patient load cannot replace a newly selected record  609ms
   ✓ New patient resets a saved record in a reused new-record tab  1047ms
   ✓ empty contact editors do not create rows until edited and retain focus while typing  1169ms
 ✓ packages/erp-screens/src/templates/preference-compliance.test.tsx (4 tests) 9923ms
   ✓ all registered templates inherit managed table preferences in both density profiles  9708ms
 ✓ packages/erp-screens/src/drafts/use-shared-draft.test.tsx (4 tests) 2019ms
   ✓ failed draft write retains the exact payload and operation identity on retry  899ms
   ✓ completion waits for in-flight autosave before discarding its acknowledged revision  832ms
 ✓ packages/ai-ui/src/administration.test.tsx (20 tests) 2200ms
   ✓ the credential > is described by its status, never by its value  331ms
   ✓ the credential > the entry field starts empty and is a password field  399ms
stderr | packages/erp-screens/src/clinical-templates/query.test.tsx > query waits for criteria and preserves filters after a failed search
An update to PatientQueryTemplate inside a test was not wrapped in act(...).

When testing, code that causes React state updates should be wrapped into act(...):

act(() => {
  /* fire events that update state */
});
/* assert on the output */

This ensures that you're testing the behavior the user would see in the browser. Learn more at https://react.dev/link/wrap-tests-with-act

stderr | packages/erp-screens/src/clinical-templates/query.test.tsx > disabled query shortcuts do not focus search or open help
An update to PatientQueryTemplate inside a test was not wrapped in act(...).

When testing, code that causes React state updates should be wrapped into act(...):

act(() => {
  /* fire events that update state */
});
/* assert on the output */

This ensures that you're testing the behavior the user would see in the browser. Learn more at https://react.dev/link/wrap-tests-with-act
An update to PatientQueryTemplate inside a test was not wrapped in act(...).

When testing, code that causes React state updates should be wrapped into act(...):

act(() => {
  /* fire events that update state */
});
/* assert on the output */

This ensures that you're testing the behavior the user would see in the browser. Learn more at https://react.dev/link/wrap-tests-with-act

 ✓ packages/erp-screens/src/clinical-templates/query.test.tsx (7 tests) 2749ms
   ✓ query waits for criteria and preserves filters after a failed search  1074ms
   ✓ inline details belong to the selected row and record actions use navigation  777ms
   ✓ failed preset saves show their error in the dialog and preserve its name  304ms
 ✓ packages/erp-screens/src/preferences/preferences.test.tsx (3 tests) 1697ms
   ✓ record layout and all three density options use the central preference update  1047ms
   ✓ live policy changes and unavailable preferences prevent layout updates  310ms
   ✓ Own Settings uses accessible module options and honors locks  339ms
 ✓ packages/erp-shell/src/workspace/use-workspace-navigation.test.tsx (17 tests) 1444ms
 ✓ packages/ai-client/src/transport.test.ts (22 tests) 1433ms
   ✓ the echo transport > no credential configured falls back to the mock  353ms
   ✓ the echo transport > an unreachable service falls back to the mock  352ms
   ✓ the echo transport > the mock says nothing left the browser, and lists what would have  351ms
   ✓ the echo transport > the mock shows the redacted value, not the original  352ms
 ✓ packages/erp-screens/src/forms/dynamic-record-form.test.tsx (7 tests) 1824ms
   ✓ StrictMode loads safely and reports only acknowledged saves  466ms
   ✓ failed save keeps edits and exposes retry  310ms
 ✓ packages/erp-screens/src/clinic-billing/workspace.test.tsx (5 tests) 1312ms
   ✓ managed layouts update without losing input; failed requests retry the exact operation  613ms
   ✓ bill correction retains input and operation identity on failure; read-only view can return  508ms
 ✓ packages/erp-screens/src/drafts/draft-center.test.tsx (3 tests) 1586ms
   ✓ metadata and policy appear, search/filter use the API and open rechecks access  833ms
   ✓ inaccessible rows hide details, disable open, and retain discard  326ms
   ✓ discard retry retains its operation id and does not remove a row until confirmed  424ms
stderr | packages/erp-screens/src/care-pages/workspace.test.tsx > multiple emergency pathways reveal independent fields and preserve values when hidden
Encountered two children with the same key, `Obstetric`. Keys should be unique so that components maintain their identity across updates. Non-unique keys may cause children to be duplicated and/or omitted — the behavior is unsupported and could change in a future version.

stderr | packages/erp-screens/src/care-pages/workspace.test.tsx > multiple emergency pathways reveal independent fields and preserve values when hidden
Encountered two children with the same key, `Obstetric`. Keys should be unique so that components maintain their identity across updates. Non-unique keys may cause children to be duplicated and/or omitted — the behavior is unsupported and could change in a future version.
Encountered two children with the same key, `Obstetric`. Keys should be unique so that components maintain their identity across updates. Non-unique keys may cause children to be duplicated and/or omitted — the behavior is unsupported and could change in a future version.
Encountered two children with the same key, `Obstetric`. Keys should be unique so that components maintain their identity across updates. Non-unique keys may cause children to be duplicated and/or omitted — the behavior is unsupported and could change in a future version.
Encountered two children with the same key, `Obstetric`. Keys should be unique so that components maintain their identity across updates. Non-unique keys may cause children to be duplicated and/or omitted — the behavior is unsupported and could change in a future version.
Encountered two children with the same key, `Obstetric`. Keys should be unique so that components maintain their identity across updates. Non-unique keys may cause children to be duplicated and/or omitted — the behavior is unsupported and could change in a future version.

 ✓ packages/erp-screens/src/care-pages/workspace.test.tsx (3 tests) 1166ms
   ✓ failed saves keep notes and retry the identical operation; selectors cannot discard dirty inputs  719ms
 ✓ packages/erp-screens/src/records/specialized-editors.test.tsx (2 tests) 1290ms
   ✓ billing fields survive tab changes and are included with line items in a real save  874ms
   ✓ consultation recovers composition, narrative, codes, orders and review checkboxes  409ms
 ✓ packages/erp-screens/src/clinical-consultation/workspace.test.tsx (3 tests) 933ms
   ✓ completion requires explicit clinical fields and focuses the first missing field  308ms
   ✓ expanded panels retain values and validation opens a hidden invalid vital  426ms
 ✓ packages/erp-config/src/i18n.test.ts (4 tests) 1032ms
   ✓ localization contracts > provides every catalog message and preserves interpolation names in each language  1007ms
 ✓ packages/erp-screens/src/library/preference-compliance.test.tsx (4 tests) 1020ms
   ✓ all 12 component catalog routes render their actual examples under non-default preferences  674ms
 ✓ packages/erp-screens/src/templates/registry-template.test.tsx (3 tests) 669ms
   ✓ all five registry templates render through shared engines with preference-owned layouts  384ms
 ✓ packages/erp-shell/src/workspace/workspace-canvas.test.tsx (29 tests) 898ms
 ✓ packages/ops-ui/src/search-select.test.tsx (14 tests) 779ms
 ✓ packages/ops-ui/src/inline-edit-typed.test.tsx (19 tests) 962ms
 ✓ packages/erp-config/src/application-config.test.ts (3 tests) 815ms
   ✓ API application configuration > uses backend menus and keys while keeping page components and field identities local  337ms
 ✓ packages/erp-data/src/records.test.ts (11 tests) 745ms
 ✓ packages/ops-ui/src/inline-edit.test.tsx (15 tests) 990ms
 ✓ packages/ai-ui/src/transparency.test.tsx (28 tests) 1112ms
 ✓ packages/ai-ui/src/modes.test.tsx (34 tests) 1313ms
 ✓ packages/ops-ui/src/overlay.test.tsx (23 tests) 1183ms
 ✓ packages/erp-screens/src/worklist/filter-bar.test.tsx (24 tests) 737ms
 ✓ packages/erp-shell/src/workspace/workspace-tabs.test.tsx (15 tests) 569ms
 ✓ packages/erp-screens/src/clinical-triage/editor.test.tsx (3 tests) 567ms
 ✓ packages/ops-ui/src/shared-components.test.tsx (11 tests) 660ms
 ✓ packages/ops-ui/src/dropdown.test.tsx (10 tests) 753ms
 ✓ packages/erp-screens/src/op-registration/workspace.test.tsx (3 tests) 596ms
 ✓ packages/erp-screens/src/worklist/use-column-layout.test.tsx (22 tests) 589ms
 ✓ packages/ops-ui/src/form-controls.test.tsx (30 tests) 523ms
 ✓ packages/erp-screens/src/approvals/approval-workspace.test.tsx (7 tests) 697ms
 ✓ packages/ops-ui/src/pagination.test.tsx (9 tests) 376ms
 ✓ packages/erp-screens/src/library/component-catalog.test.tsx (5 tests) 733ms
 ✓ packages/erp-screens/src/imports/csv-import-dialog.test.tsx (6 tests) 673ms
 ✓ packages/erp-screens/src/comprehensive-consultation/workspace.test.tsx (1 test) 575ms
   ✓ specialty edits survive context and tenant-locked layout changes; preview never saves  573ms
 ✓ packages/erp-screens/src/identity-devices/workspace.test.tsx (3 tests) 586ms
   ✓ biometrics disabled still allows separate manual review and never implies authentication  454ms
 ✓ packages/erp-shell/src/erp-context.test.tsx (36 tests) 674ms
stderr | packages/ai-ui/src/use-assistant.test.tsx > the administration config > arrives once asked for
An update to Probe inside a test was not wrapped in act(...).

When testing, code that causes React state updates should be wrapped into act(...):

act(() => {
  /* fire events that update state */
});
/* assert on the output */

This ensures that you're testing the behavior the user would see in the browser. Learn more at https://react.dev/link/wrap-tests-with-act

stderr | packages/ai-ui/src/use-assistant.test.tsx > the administration config > a refused config leaves it null rather than half-built
An update to Probe inside a test was not wrapped in act(...).

When testing, code that causes React state updates should be wrapped into act(...):

act(() => {
  /* fire events that update state */
});
/* assert on the output */

This ensures that you're testing the behavior the user would see in the browser. Learn more at https://react.dev/link/wrap-tests-with-act

 ✓ packages/ai-ui/src/use-assistant.test.tsx (24 tests) 277ms
 ✓ packages/erp-screens/src/worklist/use-filter-sync.test.tsx (9 tests) 510ms
 ✓ packages/erp-screens/src/op-consultation/workspace.test.tsx (1 test) 585ms
   ✓ OP summary navigates fields; locked layout and review retain unsaved values  583ms
 ✓ packages/ops-ui/src/page-copy-localization.test.tsx (9 tests) 474ms
 ✓ packages/ops-ui/src/recovery-notice.test.tsx (5 tests) 372ms
 ✓ packages/ops-ui/src/states.test.tsx (24 tests) 317ms
 ✓ packages/erp-screens/src/page-library/catalog.test.tsx (4 tests) 456ms
   ✓ search, resources and page opening use current access; revoked resource closes  356ms
 ✓ packages/erp-screens/src/device-integrations/workspace.test.tsx (2 tests) 278ms
 ✓ packages/erp-screens/src/dcp-designer/workspace.test.tsx (2 tests) 360ms
 ✓ packages/workspace-core/src/use-workspace.test.tsx (19 tests) 235ms
 ✓ packages/auth/src/session.test.tsx (31 tests) 368ms
 ✓ packages/erp-screens/src/templates/configured-template-page.test.tsx (3 tests) 204ms
 ✓ packages/erp-screens/src/records/record-panels.test.tsx (4 tests) 270ms
 ✓ packages/erp-shell/src/product-context.test.tsx (3 tests) 390ms
 ✓ packages/ops-ui/src/segmented.test.tsx (9 tests) 311ms
 ✓ packages/ops-ui/src/reference-data.test.tsx (17 tests) 304ms
 ✓ packages/erp-screens/src/label-printing/workspace.test.tsx (2 tests) 231ms
 ✓ packages/erp-screens/src/worklist/saved-view.test.tsx (11 tests) 363ms
 ✓ packages/erp-screens/src/login/recovery.test.tsx (1 test) 240ms
 ✓ packages/erp-shell/src/workspace/use-mdi-workspace.test.tsx (7 tests) 314ms
 ✓ packages/erp-shell/src/workspace/mdi-taskbar.test.tsx (7 tests) 229ms
 ✓ packages/ops-ui/src/tabs.test.tsx (3 tests) 176ms
 ✓ packages/erp-screens/src/preference-preview.test.tsx (1 test) 165ms
 ✓ packages/ops-ui/src/avatar.test.tsx (10 tests) 255ms
 ✓ packages/ops-ui/src/card.test.tsx (6 tests) 185ms
 ✓ packages/ops-ui/src/button.test.tsx (5 tests) 245ms
 ✓ packages/erp-screens/src/product-services.test.tsx (2 tests) 156ms
 ✓ packages/erp-data/src/mock.test.ts (148 tests) 114ms
 ✓ packages/erp-screens/src/worklist/export-rows.test.ts (26 tests) 111ms
 ✓ packages/ops-ui/src/localization.test.tsx (1 test) 152ms
 ✓ packages/erp-shell/src/sentinel.test.tsx (1 test) 131ms
 ✓ packages/ops-ui/src/badge.test.tsx (12 tests) 117ms
 ✓ packages/ops-ui/src/skeleton.test.tsx (4 tests) 207ms
 ✓ packages/ops-ui/src/stat-card.test.tsx (6 tests) 111ms
 ✓ packages/erp-shell/src/workspace/use-detached-windows.test.tsx (13 tests) 84ms
 ✓ packages/ai-client/src/sources.test.tsx (10 tests) 85ms
 ✓ packages/erp-screens/src/product-access.test.tsx (2 tests) 105ms
 ✓ packages/ops-ui/src/option-filter.test.tsx (13 tests) 44ms
 ✓ packages/platform-ports/src/ports.test.tsx (17 tests) 48ms
 ✓ packages/ops-ui/src/scanner-input.test.tsx (2 tests) 69ms
 ✓ packages/erp-shell/src/chrome.test.tsx (23 tests) 76ms
 ✓ packages/erp-config/src/localization-formatting.test.ts (13 tests) 99ms
 ✓ packages/ops-ui/src/cn.test.ts (9 tests) 67ms
 ✓ packages/erp-screens/src/worklist/search-request.test.ts (10 tests) 30ms
 ✓ packages/erp-config/src/product.test.ts (6 tests) 14ms
 ✓ packages/workspace-core/src/document-manager.test.ts (47 tests) 33ms
 ✓ packages/ai-client/src/redact.test.ts (157 tests) 40ms
 ✓ packages/workspace-core/src/split.test.ts (26 tests) 15ms
 ✓ packages/auth/src/recovery.test.ts (9 tests) 25ms
 ✓ packages/ops-ui/src/error-mapper.test.ts (32 tests) 9ms
 ✓ packages/erp-config/src/filter-policy.test.ts (15 tests) 23ms
 ✓ packages/erp-shell/src/workspace/mdi-frames.test.ts (20 tests) 14ms
 ✓ packages/erp-data/src/csv-import.test.ts (5 tests) 12ms
 ✓ packages/workspace-core/src/detach.test.ts (14 tests) 26ms
 ✓ packages/ai-config/src/gates.test.ts (22 tests) 42ms
 ✓ packages/ai-client/src/assemble.test.ts (19 tests) 17ms
 ✓ packages/ai-client/src/policy.test.ts (9 tests) 13ms
 ✓ packages/ai-client/src/admin.test.ts (11 tests) 14ms
 ✓ packages/erp-data/src/draft-center.test.ts (2 tests) 9ms
 ✓ packages/erp-config/src/export-policy.test.ts (13 tests) 13ms
 ✓ packages/erp-config/src/data-classification.test.ts (22 tests) 12ms
 ✓ packages/workspace-core/src/lifecycle.test.ts (11 tests) 10ms
 ✓ packages/erp-screens/src/clinical-templates/overview-data.test.ts (1 test) 12ms
 ✓ packages/ai-config/src/policy.test.ts (13 tests) 6ms
 ✓ packages/erp-screens/src/spreadsheet/model.test.ts (4 tests) 8ms
 ✓ packages/ai-client/src/guard.test.ts (9 tests) 5ms
 ✓ packages/platform-ports/src/identity-devices.test.ts (2 tests) 5ms
 ✓ packages/workspace-core/src/policy.test.ts (15 tests) 8ms
 ✓ packages/auth/src/sentinel.test.ts (5 tests) 7ms
 ✓ packages/workspace-core/src/document-key.test.ts (9 tests) 7ms
 ✓ packages/erp-config/src/form-rules.test.ts (3 tests) 4ms
 ✓ packages/platform-ports/src/devices.test.ts (1 test) 5ms
 ✓ packages/erp-config/src/draft-policy.test.ts (2 tests) 7ms
 ✓ packages/erp-shell/src/workspace/target-document.test.ts (9 tests) 10ms
 ✓ apps/desktop/src/platform/tauri-windows.test.ts (3 tests) 6ms
 ✓ packages/erp-config/src/preference-defaults.test.ts (3 tests) 3ms
 ✓ packages/erp-screens/src/clinical-templates/record-age.test.ts (1 test) 4ms

⎯⎯⎯⎯⎯⎯⎯ Failed Tests 1 ⎯⎯⎯⎯⎯⎯⎯

 FAIL  packages/erp-screens/src/templates/page-template.test.tsx > every configured template renders real shared content and starts with valid sample data
Error: Test timed out in 5000ms.
If this is a long-running test, pass a timeout value as the last argument or configure it globally with "testTimeout".
 ❯ packages/erp-screens/src/templates/page-template.test.tsx:9:1


⎯⎯⎯⎯⎯⎯⎯⎯⎯⎯⎯⎯⎯⎯⎯⎯⎯⎯⎯⎯⎯⎯⎯⎯[1/1]⎯


 Test Files  1 failed | 118 passed (119)
      Tests  1 failed | 1537 passed (1538)
   Start at  09:47:04
   Duration  81.94s (transform 7.90s, setup 40.34s, collect 30.00s, tests 76.76s, environment 59.42s, prepare 10.73s)

