
> nexora-monorepo@1.0.0 deploy
> node scripts/deploy.mjs --prepare-only

Preparing release 20260910173632033-48931d24 in isolation.
npm warn deprecated whatwg-encoding@3.1.1: Use @exodus/bytes instead for a more spec-conformant and faster implementation
npm warn deprecated eslint@9.39.5: This version is no longer supported. Please see https://eslint.org/version-support for other options.

added 507 packages in 11s
npm warn install-scripts 2 packages have install scripts not yet covered by allowScripts:
npm warn install-scripts   esbuild@0.28.2 (postinstall: node install.js)
npm warn install-scripts   unrs-resolver@1.12.2 (postinstall: node postinstall.js)
npm warn install-scripts
npm warn install-scripts Run `npm install-scripts ls` to review, or `npm install-scripts approve <pkg>` to allow.

> web@1.0.0 build
> rm -rf .next/static && next build && node ../../scripts/stamp-api.mjs NEXT_PUBLIC_API_URL .next

▲ Next.js 16.3.3 (Turbopack)
✓ Running next.config.ts took 26ms

  Creating an optimized production build ...
✓ Compiled successfully in 9.7s
  Running TypeScript ...
  Finished TypeScript in 9.4s ...
  Collecting page data using 3 workers ...
  Generating static pages using 3 workers (0/3) ...
✓ Generating static pages using 3 workers (3/3) in 293ms
  Finalizing page optimization ...

Route (app)
┌ ○ /
├ ○ /_not-found
├ ƒ /[module]/[page]
├ ƒ /[module]/[page]/[recordId]
├ ƒ /[module]/[page]/[recordId]/edit
├ ƒ /[module]/[page]/new
└ ƒ /view/[viewId]


○  (Static)   prerendered as static content
ƒ  (Dynamic)  server-rendered on demand


> desktop@1.0.0 build
> rm -rf dist && tsc --noEmit && vite build && node ../../scripts/stamp-api.mjs VITE_API_URL dist

vite v7.3.6 building client environment for production...
transforming...
✓ 1885 modules transformed.
rendering chunks...
[plugin vite:reporter] 
(!) /home/pepadmin/enterprice/.deploy/build-AUevrY/desktop-clients/node_modules/@tauri-apps/api/core.js is dynamically imported by /home/pepadmin/enterprice/.deploy/build-AUevrY/desktop-clients/packages/erp-shell/src/sentinel.tsx, /home/pepadmin/enterprice/.deploy/build-AUevrY/desktop-clients/packages/erp-shell/src/sentinel.tsx but also statically imported by /home/pepadmin/enterprice/.deploy/build-AUevrY/desktop-clients/node_modules/@tauri-apps/api/dpi.js, /home/pepadmin/enterprice/.deploy/build-AUevrY/desktop-clients/node_modules/@tauri-apps/api/event.js, /home/pepadmin/enterprice/.deploy/build-AUevrY/desktop-clients/node_modules/@tauri-apps/api/image.js, /home/pepadmin/enterprice/.deploy/build-AUevrY/desktop-clients/node_modules/@tauri-apps/api/webview.js, /home/pepadmin/enterprice/.deploy/build-AUevrY/desktop-clients/node_modules/@tauri-apps/api/webviewWindow.js, /home/pepadmin/enterprice/.deploy/build-AUevrY/desktop-clients/node_modules/@tauri-apps/api/window.js, dynamic import will not move module into another chunk.

[plugin vite:reporter] 
(!) /home/pepadmin/enterprice/.deploy/build-AUevrY/desktop-clients/node_modules/@tauri-apps/api/event.js is dynamically imported by /home/pepadmin/enterprice/.deploy/build-AUevrY/desktop-clients/packages/erp-shell/src/sentinel.tsx but also statically imported by /home/pepadmin/enterprice/.deploy/build-AUevrY/desktop-clients/node_modules/@tauri-apps/api/webview.js, /home/pepadmin/enterprice/.deploy/build-AUevrY/desktop-clients/node_modules/@tauri-apps/api/webviewWindow.js, /home/pepadmin/enterprice/.deploy/build-AUevrY/desktop-clients/node_modules/@tauri-apps/api/window.js, dynamic import will not move module into another chunk.

computing gzip size...
dist/index.html                                       1.05 kB │ gzip:   0.52 kB
dist/assets/library-page-BZ8DFha9.css                 1.27 kB │ gzip:   0.59 kB
dist/assets/page-template-DHkRpzaa.css                2.17 kB │ gzip:   0.74 kB
dist/assets/library-page-B5FBY-Fy.css                 4.55 kB │ gzip:   1.28 kB
dist/assets/workspace-Bnk30RYg.css                    5.02 kB │ gzip:   1.41 kB
dist/assets/library-page-B8oeBtES.css                 9.14 kB │ gzip:   2.17 kB
dist/assets/index-CqYfcjce.css                       91.10 kB │ gzip:  16.84 kB
dist/assets/clinical-triage-DHLgwzOt.js               0.12 kB │ gzip:   0.12 kB
dist/assets/clinical-consultation-CY0XKaxC.js         0.12 kB │ gzip:   0.12 kB
dist/assets/preference-choice-B6juowPS.js             0.40 kB │ gzip:   0.27 kB
dist/assets/clinical-document-CRPU8npr.js             0.42 kB │ gzip:   0.33 kB
dist/assets/scanner-input-CwoVprd3.js                 0.44 kB │ gzip:   0.34 kB
dist/assets/print-document-D8Pf5tY9.js                0.60 kB │ gzip:   0.36 kB
dist/assets/library-page-pilwYJRy.js                  0.67 kB │ gzip:   0.40 kB
dist/assets/library-page-DcgSEn2e.js                  0.76 kB │ gzip:   0.43 kB
dist/assets/clinical-templates-C6qMOJcp.js            0.92 kB │ gzip:   0.52 kB
dist/assets/library-page-DheE_fE2.js                  0.93 kB │ gzip:   0.57 kB
dist/assets/configured-template-page-BX8Gh-zj.js      1.76 kB │ gzip:   0.88 kB
dist/assets/calendar-BMeRvRFE.js                      3.49 kB │ gzip:   1.61 kB
dist/assets/library-page-WTItJ1ri.js                  7.45 kB │ gzip:   2.57 kB
dist/assets/library-page-orthVqVu.js                  8.94 kB │ gzip:   3.13 kB
dist/assets/template-library-BK-EyHoY.js              9.79 kB │ gzip:   3.31 kB
dist/assets/library-page-dWSiwkwI.js                  9.94 kB │ gzip:   3.42 kB
dist/assets/library-page--LsaOoBw.js                 11.91 kB │ gzip:   4.37 kB
dist/assets/library-page-TB6uiu-W.js                 13.95 kB │ gzip:   4.96 kB
dist/assets/index-C-lAIbos.js                        14.54 kB │ gzip:   2.84 kB
dist/assets/library-page-Dsqh3LUx.js                 23.93 kB │ gzip:   7.17 kB
dist/assets/library-page-BM3w7FWS.js                 25.52 kB │ gzip:   7.19 kB
dist/assets/library-page-DO5sXuY9.js                 34.30 kB │ gzip:  10.64 kB
dist/assets/page-template-s5-wmOYE.js                38.19 kB │ gzip:  11.08 kB
dist/assets/workspace-DBgyroqD.js                    44.62 kB │ gzip:  13.73 kB
dist/assets/component-catalog-Bl3036JA.js            50.19 kB │ gzip:  12.82 kB
dist/assets/locale-fallback-en-CS8T3zlw.js          367.33 kB │ gzip: 100.24 kB
dist/assets/locale-fallback-ar-GLHsE7u2.js          465.62 kB │ gzip: 131.51 kB
dist/assets/locale-fallback-hi-DxQQ_tws.js          614.89 kB │ gzip: 140.13 kB
dist/assets/locale-fallback-ml-Qskedvo7.js          725.39 kB │ gzip: 149.76 kB
dist/assets/index-CCMsQN7Y.js                     1,578.74 kB │ gzip: 474.73 kB

(!) Some chunks are larger than 500 kB after minification. Consider:
- Using dynamic import() to code-split the application
- Use build.rollupOptions.output.manualChunks to improve chunking: https://rollupjs.org/configuration-options/#output-manualchunks
- Adjust chunk size limit for this warning via build.chunkSizeWarningLimit.
✓ built in 5.83s
Both release builds match the explicit deployment API URLs.

  4 packages use utility classes

  every styled package is @source'd by both apps
  ok    web: ai-ui                                          
  ok    web: erp-screens                                    
  ok    web: erp-shell                                      
  ok    web: ops-ui                                         
  ok    desktop: ai-ui                                      
  ok    desktop: erp-screens                                
  ok    desktop: erp-shell                                  
  ok    desktop: ops-ui                                     

  utilities unique to a package survive into the built CSS
  ok    web: ai-ui                                          6 canaries present
  ok    web: erp-screens                                    6 canaries present
  ok    web: erp-shell                                      6 canaries present
  ok    web: ops-ui                                         6 canaries present
  ok    desktop: ai-ui                                      6 canaries present
  ok    desktop: erp-screens                                6 canaries present
  ok    desktop: erp-shell                                  6 canaries present
  ok    desktop: ops-ui                                     6 canaries present

  Every styled package is visible to both apps, and its classes survive the build.

▲ Next.js 16.3.3
- Local:         http://127.0.0.1:40199
- Network:       http://127.0.0.1:40199
✓ Ready in 0ms
✓ Running next.config took 1.3ms
  web: packaged HTML and assets passed on an isolated port.
  desktop: packaged HTML and assets passed on an isolated port.
Prepared and verified: /home/pepadmin/enterprice/.deploy/releases/20260910173632033-48931d24
Running services were not changed.
