
> nexora-monorepo@1.0.0 test
> vitest run --maxWorkers=1


 RUN  v3.2.7 /home/pepadmin/enterprice/desktop-clients

 ✓ packages/erp-screens/src/templates/preference-compliance.test.tsx (4 tests) 3481ms
   ✓ all registered templates inherit managed table preferences in both density profiles  3323ms
 ✓ packages/erp-screens/src/clinical-templates/clinical-templates.test.tsx (7 tests) 2490ms
   ✓ patient form preserves edits through section changes and retries with the same operation  963ms
   ✓ scope remounts cannot retain another user patient edits  356ms
   ✓ New patient resets a saved record in a reused new-record tab  407ms
   ✓ empty contact editors do not create rows until edited and retain focus while typing  465ms
 ✓ packages/erp-screens/src/templates/page-template.test.tsx (8 tests) 2276ms
   ✓ every configured template renders real shared content and starts with valid sample data  1926ms
 ✓ packages/erp-screens/src/drafts/use-shared-draft.test.tsx (4 tests) 1826ms
   ✓ failed draft write retains the exact payload and operation identity on retry  821ms
   ✓ completion waits for in-flight autosave before discarding its acknowledged revision  811ms
 ✓ packages/ai-client/src/transport.test.ts (22 tests) 1429ms
   ✓ the echo transport > no credential configured falls back to the mock  352ms
   ✓ the echo transport > an unreachable service falls back to the mock  352ms
   ✓ the echo transport > the mock says nothing left the browser, and lists what would have  351ms
   ✓ the echo transport > the mock shows the redacted value, not the original  351ms
 ✓ packages/erp-screens/src/drafts/draft-center.test.tsx (3 tests) 1248ms
   ✓ metadata and policy appear, search/filter use the API and open rechecks access  652ms
   ✓ discard retry retains its operation id and does not remove a row until confirmed  317ms
 ✓ packages/erp-screens/src/preferences/preferences.test.tsx (3 tests) 1098ms
   ✓ record layout and all three density options use the central preference update  594ms
stderr | packages/erp-screens/src/clinical-templates/query.test.tsx > query waits for criteria and preserves filters after a failed search
An update to PatientQueryTemplate inside a test was not wrapped in act(...).

When testing, code that causes React state updates should be wrapped into act(...):

act(() => {
  /* fire events that update state */
});
/* assert on the output */

This ensures that you're testing the behavior the user would see in the browser. Learn more at https://react.dev/link/wrap-tests-with-act

stderr | packages/erp-screens/src/clinical-templates/query.test.tsx > disabled query shortcuts do not focus search or open help
An update to PatientQueryTemplate inside a test was not wrapped in act(...).

When testing, code that causes React state updates should be wrapped into act(...):

act(() => {
  /* fire events that update state */
});
/* assert on the output */

This ensures that you're testing the behavior the user would see in the browser. Learn more at https://react.dev/link/wrap-tests-with-act
An update to PatientQueryTemplate inside a test was not wrapped in act(...).

When testing, code that causes React state updates should be wrapped into act(...):

act(() => {
  /* fire events that update state */
});
/* assert on the output */

This ensures that you're testing the behavior the user would see in the browser. Learn more at https://react.dev/link/wrap-tests-with-act

 ✓ packages/erp-screens/src/clinical-templates/query.test.tsx (7 tests) 1208ms
   ✓ query waits for criteria and preserves filters after a failed search  407ms
 ✓ packages/erp-screens/src/forms/dynamic-record-form.test.tsx (7 tests) 1245ms
   ✓ StrictMode loads safely and reports only acknowledged saves  342ms
 ✓ packages/erp-shell/src/workspace/use-workspace-navigation.test.tsx (17 tests) 1194ms
 ✓ packages/ai-ui/src/administration.test.tsx (20 tests) 1019ms
 ✓ packages/erp-screens/src/op-registration/workspace.test.tsx (3 tests) 519ms
 ✓ packages/erp-shell/src/erp-context.test.tsx (36 tests) 391ms
 ✓ packages/erp-screens/src/clinic-billing/workspace.test.tsx (5 tests) 763ms
   ✓ bill correction retains input and operation identity on failure; read-only view can return  389ms
 ✓ packages/erp-screens/src/records/specialized-editors.test.tsx (2 tests) 852ms
   ✓ billing fields survive tab changes and are included with line items in a real save  582ms
 ✓ packages/erp-screens/src/library/preference-compliance.test.tsx (4 tests) 844ms
   ✓ all 12 component catalog routes render their actual examples under non-default preferences  568ms
 ✓ packages/erp-data/src/records.test.ts (11 tests) 728ms
 ✓ packages/ops-ui/src/inline-edit-typed.test.tsx (19 tests) 752ms
 ✓ packages/erp-shell/src/workspace/workspace-canvas.test.tsx (29 tests) 787ms
 ✓ packages/erp-config/src/i18n.test.ts (4 tests) 656ms
   ✓ localization contracts > provides every catalog message and preserves interpolation names in each language  634ms
 ✓ packages/erp-config/src/application-config.test.ts (3 tests) 653ms
 ✓ packages/ops-ui/src/inline-edit.test.tsx (15 tests) 709ms
 ✓ packages/ops-ui/src/overlay.test.tsx (23 tests) 634ms
 ✓ packages/erp-screens/src/clinical-consultation/workspace.test.tsx (3 tests) 608ms
 ✓ packages/erp-screens/src/worklist/filter-bar.test.tsx (24 tests) 541ms
 ✓ packages/ops-ui/src/search-select.test.tsx (14 tests) 605ms
 ✓ packages/erp-screens/src/worklist/use-column-layout.test.tsx (22 tests) 557ms
 ✓ packages/ai-ui/src/modes.test.tsx (34 tests) 566ms
 ✓ packages/erp-screens/src/approvals/approval-workspace.test.tsx (7 tests) 500ms
 ✓ packages/erp-shell/src/workspace/workspace-tabs.test.tsx (15 tests) 432ms
 ✓ packages/ops-ui/src/shared-components.test.tsx (11 tests) 547ms
 ✓ packages/ai-ui/src/transparency.test.tsx (28 tests) 555ms
 ✓ packages/ops-ui/src/dropdown.test.tsx (10 tests) 568ms
 ✓ packages/ops-ui/src/states.test.tsx (24 tests) 270ms
 ✓ packages/erp-screens/src/library/component-catalog.test.tsx (5 tests) 445ms
 ✓ packages/erp-screens/src/templates/registry-template.test.tsx (3 tests) 439ms
 ✓ packages/erp-screens/src/clinical-triage/editor.test.tsx (3 tests) 544ms
   ✓ blank readings and unanswered safety choices; completion focuses required complaint  318ms
 ✓ packages/erp-screens/src/comprehensive-consultation/workspace.test.tsx (1 test) 460ms
   ✓ specialty edits survive context and tenant-locked layout changes; preview never saves  458ms
 ✓ packages/ops-ui/src/form-controls.test.tsx (30 tests) 397ms
 ✓ packages/erp-screens/src/page-library/catalog.test.tsx (4 tests) 248ms
 ✓ packages/erp-screens/src/imports/csv-import-dialog.test.tsx (6 tests) 469ms
 ✓ packages/erp-screens/src/op-consultation/workspace.test.tsx (1 test) 349ms
   ✓ OP summary navigates fields; locked layout and review retain unsaved values  348ms
 ✓ packages/ops-ui/src/pagination.test.tsx (9 tests) 375ms
 ✓ packages/erp-screens/src/worklist/use-filter-sync.test.tsx (9 tests) 402ms
 ✓ packages/ops-ui/src/page-copy-localization.test.tsx (9 tests) 265ms
 ✓ packages/ops-ui/src/recovery-notice.test.tsx (5 tests) 294ms
 ✓ packages/erp-screens/src/worklist/saved-view.test.tsx (11 tests) 245ms
 ✓ packages/auth/src/session.test.tsx (31 tests) 219ms
stderr | packages/ai-ui/src/use-assistant.test.tsx > the administration config > arrives once asked for
An update to Probe inside a test was not wrapped in act(...).

When testing, code that causes React state updates should be wrapped into act(...):

act(() => {
  /* fire events that update state */
});
/* assert on the output */

This ensures that you're testing the behavior the user would see in the browser. Learn more at https://react.dev/link/wrap-tests-with-act

stderr | packages/ai-ui/src/use-assistant.test.tsx > the administration config > a refused config leaves it null rather than half-built
An update to Probe inside a test was not wrapped in act(...).

When testing, code that causes React state updates should be wrapped into act(...):

act(() => {
  /* fire events that update state */
});
/* assert on the output */

This ensures that you're testing the behavior the user would see in the browser. Learn more at https://react.dev/link/wrap-tests-with-act

 ✓ packages/ai-ui/src/use-assistant.test.tsx (24 tests) 198ms
 ✓ packages/erp-screens/src/records/record-panels.test.tsx (4 tests) 215ms
 ✓ packages/erp-shell/src/product-context.test.tsx (3 tests) 214ms
 ✓ packages/ops-ui/src/segmented.test.tsx (9 tests) 223ms
 ✓ packages/ops-ui/src/reference-data.test.tsx (17 tests) 220ms
 ✓ packages/erp-shell/src/workspace/use-mdi-workspace.test.tsx (7 tests) 150ms
 ✓ packages/workspace-core/src/use-workspace.test.tsx (19 tests) 172ms
 ✓ packages/erp-screens/src/login/recovery.test.tsx (1 test) 142ms
 ✓ packages/ops-ui/src/card.test.tsx (6 tests) 124ms
 ✓ packages/ops-ui/src/button.test.tsx (5 tests) 149ms
 ✓ packages/erp-screens/src/templates/configured-template-page.test.tsx (3 tests) 169ms
 ✓ packages/erp-shell/src/workspace/mdi-taskbar.test.tsx (7 tests) 159ms
 ✓ packages/ops-ui/src/avatar.test.tsx (10 tests) 108ms
 ✓ packages/ops-ui/src/skeleton.test.tsx (4 tests) 122ms
 ✓ packages/ops-ui/src/tabs.test.tsx (3 tests) 139ms
 ✓ packages/ops-ui/src/localization.test.tsx (1 test) 100ms
 ✓ packages/ops-ui/src/stat-card.test.tsx (6 tests) 132ms
 ✓ packages/erp-screens/src/product-services.test.tsx (2 tests) 104ms
 ✓ packages/erp-shell/src/sentinel.test.tsx (1 test) 107ms
 ✓ packages/erp-screens/src/preference-preview.test.tsx (1 test) 76ms
 ✓ packages/erp-screens/src/worklist/export-rows.test.ts (26 tests) 79ms
 ✓ packages/ops-ui/src/badge.test.tsx (12 tests) 68ms
 ✓ packages/erp-screens/src/product-access.test.tsx (2 tests) 72ms
 ✓ packages/erp-data/src/mock.test.ts (148 tests) 75ms
 ✓ packages/erp-shell/src/workspace/use-detached-windows.test.tsx (13 tests) 64ms
 ✓ packages/ai-client/src/sources.test.tsx (10 tests) 56ms
 ✓ packages/erp-shell/src/chrome.test.tsx (23 tests) 56ms
 ✓ packages/ops-ui/src/option-filter.test.tsx (13 tests) 33ms
 ✓ packages/platform-ports/src/ports.test.tsx (17 tests) 37ms
 ✓ packages/erp-config/src/localization-formatting.test.ts (13 tests) 38ms
 ✓ packages/ai-client/src/redact.test.ts (157 tests) 22ms
 ✓ packages/workspace-core/src/document-manager.test.ts (47 tests) 26ms
 ✓ packages/auth/src/recovery.test.ts (9 tests) 23ms
 ✓ packages/ops-ui/src/cn.test.ts (9 tests) 29ms
 ✓ packages/erp-config/src/filter-policy.test.ts (15 tests) 15ms
 ✓ packages/workspace-core/src/split.test.ts (26 tests) 16ms
 ✓ packages/ai-client/src/admin.test.ts (11 tests) 10ms
 ✓ packages/erp-screens/src/worklist/search-request.test.ts (10 tests) 13ms
 ✓ packages/ai-client/src/policy.test.ts (9 tests) 14ms
 ✓ packages/erp-shell/src/workspace/mdi-frames.test.ts (20 tests) 12ms
 ✓ packages/erp-data/src/csv-import.test.ts (5 tests) 13ms
 ✓ packages/ai-client/src/assemble.test.ts (19 tests) 10ms
 ✓ packages/erp-config/src/data-classification.test.ts (22 tests) 11ms
 ✓ packages/workspace-core/src/lifecycle.test.ts (11 tests) 8ms
 ✓ packages/erp-screens/src/clinical-templates/overview-data.test.ts (1 test) 12ms
 ✓ packages/workspace-core/src/detach.test.ts (14 tests) 11ms
 ✓ packages/erp-data/src/draft-center.test.ts (2 tests) 10ms
 ✓ packages/ai-config/src/gates.test.ts (22 tests) 9ms
 ✓ packages/ops-ui/src/error-mapper.test.ts (32 tests) 8ms
 ✓ packages/erp-screens/src/spreadsheet/model.test.ts (4 tests) 7ms
 ✓ packages/erp-config/src/product.test.ts (6 tests) 8ms
 ✓ packages/workspace-core/src/policy.test.ts (15 tests) 6ms
 ✓ packages/erp-config/src/export-policy.test.ts (13 tests) 7ms
 ✓ packages/ai-config/src/policy.test.ts (13 tests) 6ms
 ✓ packages/auth/src/sentinel.test.ts (5 tests) 6ms
 ✓ apps/desktop/src/platform/tauri-windows.test.ts (3 tests) 5ms
 ✓ packages/erp-shell/src/workspace/target-document.test.ts (9 tests) 5ms
 ✓ packages/erp-config/src/draft-policy.test.ts (2 tests) 4ms
 ✓ packages/workspace-core/src/document-key.test.ts (9 tests) 6ms
 ✓ packages/ai-client/src/guard.test.ts (9 tests) 4ms
 ✓ packages/erp-config/src/form-rules.test.ts (3 tests) 4ms
 ✓ packages/erp-config/src/preference-defaults.test.ts (3 tests) 3ms
 ✓ packages/erp-screens/src/clinical-templates/record-age.test.ts (1 test) 3ms

 Test Files  111 passed (111)
      Tests  1521 passed (1521)
   Start at  13:00:13
   Duration  153.72s (transform 5.68s, setup 26.57s, collect 18.73s, tests 41.65s, environment 41.63s, prepare 6.99s)

